// Jest Snapshot v1, https://goo.gl/fbAQLP

exports[`renders correctly 1`] = `
<View
  style={
    Object {
      "backgroundColor": "hsl(0, 0%, 100%)",
      "flex": 1,
    }
  }
>
  <RCTSafeAreaView
    emulateUnlessSupported={true}
    style={
      Object {
        "flex": 1,
      }
    }
  >
    <View
      style={
        Object {
          "alignItems": "center",
          "borderBottomColor": "hsl(0, 0%, 100%)",
          "borderBottomWidth": 1,
          "flexDirection": "row",
          "height": 72,
          "justifyContent": "space-between",
        }
      }
    >
      <View
        style={
          Object {
            "flex": 0.2,
            "padding": 12,
          }
        }
      >
        <View
          accessible={true}
          focusable={true}
          onClick={[Function]}
          onResponderGrant={[Function]}
          onResponderMove={[Function]}
          onResponderRelease={[Function]}
          onResponderTerminate={[Function]}
          onResponderTerminationRequest={[Function]}
          onStartShouldSetResponder={[Function]}
          style={
            Object {
              "opacity": 1,
            }
          }
        >
          <Text
            allowFontScaling={false}
            style={
              Array [
                Object {
                  "color": "hsl(208, 7%, 46%)",
                  "fontSize": 36,
                },
                Array [
                  undefined,
                  undefined,
                ],
                Object {
                  "fontFamily": "Material Design Icons",
                  "fontStyle": "normal",
                  "fontWeight": "normal",
                },
                Object {},
              ]
            }
          >
            Û∞ÖÅ
          </Text>
        </View>
      </View>
      <Text
        style={
          Object {
            "color": "hsla(0, 0%, 0%, 1)",
            "fontSize": 40,
            "fontWeight": "100",
            "letterSpacing": -0.5,
            "opacity": 1,
          }
        }
      >
        Drag
      </Text>
      <View
        style={
          Object {
            "flex": 0.2,
            "padding": 12,
          }
        }
      />
    </View>
    <View
      style={
        Array [
          Object {
            "backgroundColor": "hsl(0, 0%, 100%)",
            "flex": 1,
          },
          undefined,
          undefined,
        ]
      }
    >
      <Text
        style={
          Object {
            "color": "hsla(0, 0%, 0%, 1)",
            "fontSize": 10,
            "fontWeight": "300",
            "letterSpacing": 1.5,
            "opacity": 1,
            "textAlign": "center",
          }
        }
      >
        DRAG THE CIRCLE
      </Text>
      <View
        onLayout={[Function]}
        style={
          Object {
            "backgroundColor": "hsl(0, 0%, 96%)",
            "flex": 1,
          }
        }
      >
        <View
          onMoveShouldSetResponder={[Function]}
          onMoveShouldSetResponderCapture={[Function]}
          onResponderEnd={[Function]}
          onResponderGrant={[Function]}
          onResponderMove={[Function]}
          onResponderReject={[Function]}
          onResponderRelease={[Function]}
          onResponderStart={[Function]}
          onResponderTerminate={[Function]}
          onResponderTerminationRequest={[Function]}
          onStartShouldSetResponder={[Function]}
          onStartShouldSetResponderCapture={[Function]}
          style={
            Object {
              "borderColor": "hsl(0, 0%, 100%)",
              "borderRadius": 30,
              "borderWidth": 30,
              "elevation": 10,
              "height": 30,
              "left": 0,
              "marginLeft": -30,
              "marginTop": -30,
              "shadowColor": "hsl(210, 10%, 23%)",
              "shadowOffset": Object {
                "height": 2,
                "width": 0,
              },
              "shadowOpacity": 0.48,
              "shadowRadius": 4.8,
              "top": 0,
              "width": 30,
              "zIndex": 10,
            }
          }
        />
      </View>
    </View>
  </RCTSafeAreaView>
  <View
    style={
      Array [
        Object {
          "bottom": 0,
          "left": 0,
          "right": 0,
        },
        Object {
          "height": 0,
        },
        undefined,
      ]
    }
  />
</View>
`;
