// Jest Snapshot v1, https://goo.gl/fbAQLP

exports[`renders correctly 1`] = `
<RCTSafeAreaView
  emulateUnlessSupported={true}
  style={
    Object {
      "backgroundColor": "hsl(0, 0%, 100%)",
      "flex": 1,
    }
  }
>
  <View
    style={
      Object {
        "alignItems": "center",
        "borderBottomColor": "hsl(0, 0%, 100%)",
        "borderBottomWidth": 1,
        "flexDirection": "row",
        "height": 72,
        "justifyContent": "space-between",
      }
    }
  >
    <View
      style={
        Object {
          "flex": 0.2,
          "padding": 12,
        }
      }
    >
      <View
        accessible={true}
        focusable={true}
        onClick={[Function]}
        onResponderGrant={[Function]}
        onResponderMove={[Function]}
        onResponderRelease={[Function]}
        onResponderTerminate={[Function]}
        onResponderTerminationRequest={[Function]}
        onStartShouldSetResponder={[Function]}
        style={
          Object {
            "opacity": 1,
          }
        }
      >
        <Text
          allowFontScaling={false}
          style={
            Array [
              Object {
                "color": "hsl(208, 7%, 46%)",
                "fontSize": 36,
              },
              Array [
                undefined,
                undefined,
              ],
              Object {
                "fontFamily": "Material Design Icons",
                "fontStyle": "normal",
                "fontWeight": "normal",
              },
              Object {},
            ]
          }
        >
          
        </Text>
      </View>
    </View>
    <View
      style={
        Object {
          "flex": 0.2,
          "padding": 12,
        }
      }
    />
  </View>
  <View
    style={
      Array [
        Object {
          "backgroundColor": "hsl(0, 0%, 100%)",
          "flex": 1,
        },
        undefined,
        undefined,
      ]
    }
  >
    <View
      style={
        Object {
          "backgroundColor": "hsl(210, 17%, 98%)",
          "height": 80,
          "justifyContent": "center",
          "padding": 8,
        }
      }
    >
      <View
        style={
          Object {
            "alignItems": "center",
            "backgroundColor": "hsl(0, 0%, 100%)",
            "flexDirection": "row",
            "height": "100%",
            "padding": 8,
          }
        }
      >
        <View
          style={
            Object {
              "transform": Array [
                Object {
                  "translateX": 1,
                },
              ],
            }
          }
        >
          <View
            accessible={true}
            focusable={false}
            onClick={[Function]}
            onResponderGrant={[Function]}
            onResponderMove={[Function]}
            onResponderRelease={[Function]}
            onResponderTerminate={[Function]}
            onResponderTerminationRequest={[Function]}
            onStartShouldSetResponder={[Function]}
            style={
              Object {
                "opacity": 1,
              }
            }
          >
            <Text
              allowFontScaling={false}
              style={
                Array [
                  Object {
                    "color": "hsl(210, 10%, 23%)",
                    "fontSize": 24,
                  },
                  Array [
                    undefined,
                    undefined,
                  ],
                  Object {
                    "fontFamily": "Material Design Icons",
                    "fontStyle": "normal",
                    "fontWeight": "normal",
                  },
                  Object {},
                ]
              }
            >
              
            </Text>
          </View>
        </View>
        <View
          style={
            Array [
              undefined,
              Object {
                "flex": 1,
                "marginLeft": 8,
              },
            ]
          }
        >
          <View
            style={
              Object {
                "flexDirection": "row",
              }
            }
          />
          <View
            style={
              Object {
                "flexDirection": "row",
              }
            }
          >
            <TextInput
              allowFontScaling={true}
              blurOnSubmit={true}
              disableFullscreenUI={true}
              editable={true}
              onBlur={[Function]}
              onChangeText={[Function]}
              onFocus={[Function]}
              placeholder="Search"
              placeholderTextColor="hsl(208, 7%, 46%)"
              rejectResponderTermination={true}
              selectionColor="hsl(211, 100%, 50%)"
              style={
                Array [
                  Object {
                    "backgroundColor": "hsl(0, 0%, 100%)",
                    "borderColor": "hsl(208, 7%, 46%)",
                    "borderRadius": 4,
                    "borderWidth": 2,
                    "color": "hsl(0, 0%, 0%)",
                    "padding": 8,
                    "paddingRight": 32,
                    "width": "100%",
                  },
                  undefined,
                  undefined,
                  Object {
                    "fontSize": 14,
                    "fontWeight": "300",
                    "letterSpacing": 0.25,
                  },
                  undefined,
                ]
              }
              textContentType="none"
              underlineColorAndroid="transparent"
              value=""
            />
          </View>
          <View
            style={
              Object {
                "flexDirection": "row",
              }
            }
          >
            <View
              accessible={true}
              focusable={true}
              onClick={[Function]}
              onResponderGrant={[Function]}
              onResponderMove={[Function]}
              onResponderRelease={[Function]}
              onResponderTerminate={[Function]}
              onResponderTerminationRequest={[Function]}
              onStartShouldSetResponder={[Function]}
              style={
                Object {
                  "opacity": 1,
                }
              }
            >
              <Text
                allowFontScaling={false}
                style={
                  Array [
                    Object {
                      "color": "hsl(354, 70%, 54%)",
                      "fontSize": 24,
                    },
                    Array [
                      Object {
                        "opacity": 0,
                      },
                      undefined,
                    ],
                    Object {
                      "fontFamily": "Material Design Icons",
                      "fontStyle": "normal",
                      "fontWeight": "normal",
                    },
                    Object {},
                  ]
                }
              >
                
              </Text>
            </View>
            <View
              accessible={true}
              focusable={true}
              onClick={[Function]}
              onResponderGrant={[Function]}
              onResponderMove={[Function]}
              onResponderRelease={[Function]}
              onResponderTerminate={[Function]}
              onResponderTerminationRequest={[Function]}
              onStartShouldSetResponder={[Function]}
              style={
                Object {
                  "alignItems": "center",
                  "backgroundColor": "transparent",
                  "borderColor": "transparent",
                  "borderRadius": 4,
                  "borderWidth": 1,
                  "flexDirection": "row",
                  "justifyContent": "center",
                  "opacity": 0,
                  "padding": 0,
                  "paddingHorizontal": 0,
                }
              }
            >
              <Text
                style={
                  Object {
                    "color": "hsl(354, 70%, 54%)",
                    "fontSize": 14,
                    "fontWeight": "300",
                    "letterSpacing": 0.25,
                    "opacity": 1,
                    "textAlign": "center",
                  }
                }
              >
                
              </Text>
            </View>
          </View>
        </View>
      </View>
    </View>
    <View
      style={
        Object {
          "backgroundColor": "rgba(255, 255, 255, 1)",
          "flex": 1,
        }
      }
    >
      <RCTScrollView
        data={
          Array [
            Object {
              "id": 1,
              "name": "1",
            },
            Object {
              "id": 2,
              "name": "2",
            },
            Object {
              "id": 3,
              "name": "3",
            },
            Object {
              "id": 4,
              "name": "4",
            },
            Object {
              "id": 5,
              "name": "5",
            },
            Object {
              "id": 6,
              "name": "6",
            },
            Object {
              "id": 7,
              "name": "7",
            },
            Object {
              "id": 8,
              "name": "8",
            },
            Object {
              "id": 9,
              "name": "9",
            },
            Object {
              "id": 10,
              "name": "10",
            },
            Object {
              "id": 11,
              "name": "11",
            },
            Object {
              "id": 12,
              "name": "12",
            },
            Object {
              "id": 13,
              "name": "13",
            },
            Object {
              "id": 14,
              "name": "14",
            },
            Object {
              "id": 15,
              "name": "15",
            },
            Object {
              "id": 16,
              "name": "16",
            },
            Object {
              "id": 17,
              "name": "17",
            },
            Object {
              "id": 18,
              "name": "18",
            },
            Object {
              "id": 19,
              "name": "19",
            },
          ]
        }
        disableVirtualization={false}
        getItem={[Function]}
        getItemCount={[Function]}
        horizontal={false}
        initialNumToRender={10}
        keyExtractor={[Function]}
        maxToRenderPerBatch={10}
        onContentSizeChange={[Function]}
        onEndReachedThreshold={2}
        onLayout={[Function]}
        onMomentumScrollEnd={[Function]}
        onScroll={[Function]}
        onScrollBeginDrag={[Function]}
        onScrollEndDrag={[Function]}
        removeClippedSubviews={false}
        renderItem={[Function]}
        scrollEventThrottle={50}
        stickyHeaderIndices={Array []}
        updateCellsBatchingPeriod={50}
        viewabilityConfigCallbackPairs={Array []}
        windowSize={21}
      >
        <View>
          <View
            onLayout={[Function]}
            style={null}
          >
            <Text
              style={
                Object {
                  "borderBottomColor": "hsl(210, 17%, 98%)",
                  "borderWidth": 0.2,
                  "color": "hsla(0, 0%, 0%, 1)",
                  "fontSize": 14,
                  "fontWeight": "600",
                  "letterSpacing": 0.1,
                  "opacity": 1,
                  "padding": 24,
                }
              }
            >
              1
            </Text>
          </View>
          <View
            onLayout={[Function]}
            style={null}
          >
            <Text
              style={
                Object {
                  "borderBottomColor": "hsl(210, 17%, 98%)",
                  "borderWidth": 0.2,
                  "color": "hsla(0, 0%, 0%, 1)",
                  "fontSize": 14,
                  "fontWeight": "600",
                  "letterSpacing": 0.1,
                  "opacity": 1,
                  "padding": 24,
                }
              }
            >
              2
            </Text>
          </View>
          <View
            onLayout={[Function]}
            style={null}
          >
            <Text
              style={
                Object {
                  "borderBottomColor": "hsl(210, 17%, 98%)",
                  "borderWidth": 0.2,
                  "color": "hsla(0, 0%, 0%, 1)",
                  "fontSize": 14,
                  "fontWeight": "600",
                  "letterSpacing": 0.1,
                  "opacity": 1,
                  "padding": 24,
                }
              }
            >
              3
            </Text>
          </View>
          <View
            onLayout={[Function]}
            style={null}
          >
            <Text
              style={
                Object {
                  "borderBottomColor": "hsl(210, 17%, 98%)",
                  "borderWidth": 0.2,
                  "color": "hsla(0, 0%, 0%, 1)",
                  "fontSize": 14,
                  "fontWeight": "600",
                  "letterSpacing": 0.1,
                  "opacity": 1,
                  "padding": 24,
                }
              }
            >
              4
            </Text>
          </View>
          <View
            onLayout={[Function]}
            style={null}
          >
            <Text
              style={
                Object {
                  "borderBottomColor": "hsl(210, 17%, 98%)",
                  "borderWidth": 0.2,
                  "color": "hsla(0, 0%, 0%, 1)",
                  "fontSize": 14,
                  "fontWeight": "600",
                  "letterSpacing": 0.1,
                  "opacity": 1,
                  "padding": 24,
                }
              }
            >
              5
            </Text>
          </View>
          <View
            onLayout={[Function]}
            style={null}
          >
            <Text
              style={
                Object {
                  "borderBottomColor": "hsl(210, 17%, 98%)",
                  "borderWidth": 0.2,
                  "color": "hsla(0, 0%, 0%, 1)",
                  "fontSize": 14,
                  "fontWeight": "600",
                  "letterSpacing": 0.1,
                  "opacity": 1,
                  "padding": 24,
                }
              }
            >
              6
            </Text>
          </View>
          <View
            onLayout={[Function]}
            style={null}
          >
            <Text
              style={
                Object {
                  "borderBottomColor": "hsl(210, 17%, 98%)",
                  "borderWidth": 0.2,
                  "color": "hsla(0, 0%, 0%, 1)",
                  "fontSize": 14,
                  "fontWeight": "600",
                  "letterSpacing": 0.1,
                  "opacity": 1,
                  "padding": 24,
                }
              }
            >
              7
            </Text>
          </View>
          <View
            onLayout={[Function]}
            style={null}
          >
            <Text
              style={
                Object {
                  "borderBottomColor": "hsl(210, 17%, 98%)",
                  "borderWidth": 0.2,
                  "color": "hsla(0, 0%, 0%, 1)",
                  "fontSize": 14,
                  "fontWeight": "600",
                  "letterSpacing": 0.1,
                  "opacity": 1,
                  "padding": 24,
                }
              }
            >
              8
            </Text>
          </View>
          <View
            onLayout={[Function]}
            style={null}
          >
            <Text
              style={
                Object {
                  "borderBottomColor": "hsl(210, 17%, 98%)",
                  "borderWidth": 0.2,
                  "color": "hsla(0, 0%, 0%, 1)",
                  "fontSize": 14,
                  "fontWeight": "600",
                  "letterSpacing": 0.1,
                  "opacity": 1,
                  "padding": 24,
                }
              }
            >
              9
            </Text>
          </View>
          <View
            onLayout={[Function]}
            style={null}
          >
            <Text
              style={
                Object {
                  "borderBottomColor": "hsl(210, 17%, 98%)",
                  "borderWidth": 0.2,
                  "color": "hsla(0, 0%, 0%, 1)",
                  "fontSize": 14,
                  "fontWeight": "600",
                  "letterSpacing": 0.1,
                  "opacity": 1,
                  "padding": 24,
                }
              }
            >
              10
            </Text>
          </View>
          <View
            style={
              Object {
                "height": 0,
              }
            }
          />
        </View>
      </RCTScrollView>
    </View>
  </View>
</RCTSafeAreaView>
`;
