// Jest Snapshot v1, https://goo.gl/fbAQLP

exports[`renders correctly 1`] = `
<View
  style={
    Object {
      "backgroundColor": "hsl(0, 0%, 100%)",
      "flex": 1,
    }
  }
>
  <RCTSafeAreaView
    emulateUnlessSupported={true}
    style={
      Object {
        "flex": 1,
      }
    }
  >
    <View
      style={
        Object {
          "alignItems": "center",
          "borderBottomColor": "hsl(0, 0%, 100%)",
          "borderBottomWidth": 1,
          "flexDirection": "row",
          "height": 72,
          "justifyContent": "space-between",
        }
      }
    >
      <View
        style={
          Object {
            "flex": 0.2,
            "padding": 12,
          }
        }
      >
        <View
          accessible={true}
          focusable={true}
          onClick={[Function]}
          onResponderGrant={[Function]}
          onResponderMove={[Function]}
          onResponderRelease={[Function]}
          onResponderTerminate={[Function]}
          onResponderTerminationRequest={[Function]}
          onStartShouldSetResponder={[Function]}
          style={
            Object {
              "opacity": 1,
            }
          }
        >
          <Text
            allowFontScaling={false}
            style={
              Array [
                Object {
                  "color": "hsl(208, 7%, 46%)",
                  "fontSize": 36,
                },
                Array [
                  undefined,
                  undefined,
                ],
                Object {
                  "fontFamily": "Material Design Icons",
                  "fontStyle": "normal",
                  "fontWeight": "normal",
                },
                Object {},
              ]
            }
          >
            ÔÖÅ
          </Text>
        </View>
      </View>
      <Text
        style={
          Object {
            "color": "hsla(0, 0%, 0%, 1)",
            "fontSize": 40,
            "fontWeight": "100",
            "letterSpacing": -0.5,
            "opacity": 1,
          }
        }
      >
        Ball
      </Text>
      <View
        style={
          Object {
            "flex": 0.2,
            "padding": 12,
          }
        }
      />
    </View>
    <View
      style={
        Array [
          Object {
            "backgroundColor": "hsl(0, 0%, 100%)",
            "flex": 1,
          },
          undefined,
          undefined,
        ]
      }
    >
      <View
        style={
          Object {
            "borderColor": "hsl(0, 0%, 0%)",
            "borderRadius": 30,
            "borderWidth": 30,
            "height": 60,
            "left": 375,
            "marginLeft": -30,
            "marginTop": -30,
            "top": 667,
            "width": 60,
          }
        }
      />
      <View
        style={
          Object {
            "flexDirection": "row",
            "justifyContent": "space-around",
          }
        }
      >
        <View
          accessible={true}
          focusable={true}
          onClick={[Function]}
          onResponderGrant={[Function]}
          onResponderMove={[Function]}
          onResponderRelease={[Function]}
          onResponderTerminate={[Function]}
          onResponderTerminationRequest={[Function]}
          onStartShouldSetResponder={[Function]}
          style={
            Object {
              "alignItems": "center",
              "backgroundColor": "transparent",
              "borderColor": "transparent",
              "borderRadius": 4,
              "borderWidth": 1,
              "flexDirection": "row",
              "justifyContent": "center",
              "opacity": 1,
              "padding": 8,
              "paddingHorizontal": 16,
            }
          }
        >
          <Text
            style={
              Object {
                "color": "hsl(0, 0%, 0%)",
                "fontSize": 14,
                "fontWeight": "600",
                "letterSpacing": 0.75,
                "opacity": 1,
                "textAlign": "center",
              }
            }
          >
            INITIAL
          </Text>
        </View>
        <View
          accessible={true}
          focusable={true}
          onClick={[Function]}
          onResponderGrant={[Function]}
          onResponderMove={[Function]}
          onResponderRelease={[Function]}
          onResponderTerminate={[Function]}
          onResponderTerminationRequest={[Function]}
          onStartShouldSetResponder={[Function]}
          style={
            Object {
              "alignItems": "center",
              "backgroundColor": "transparent",
              "borderColor": "transparent",
              "borderRadius": 4,
              "borderWidth": 1,
              "flexDirection": "row",
              "justifyContent": "center",
              "opacity": 1,
              "padding": 8,
              "paddingHorizontal": 16,
            }
          }
        >
          <Text
            style={
              Object {
                "color": "hsl(0, 0%, 0%)",
                "fontSize": 14,
                "fontWeight": "600",
                "letterSpacing": 0.75,
                "opacity": 1,
                "textAlign": "center",
              }
            }
          >
            RANDOM
          </Text>
        </View>
      </View>
    </View>
  </RCTSafeAreaView>
  <View
    style={
      Array [
        Object {
          "bottom": 0,
          "left": 0,
          "right": 0,
        },
        Object {
          "height": 0,
        },
        undefined,
      ]
    }
  />
</View>
`;
