// Jest Snapshot v1, https://goo.gl/fbAQLP

exports[`renders correctly 1`] = `
<RCTSafeAreaView
  emulateUnlessSupported={true}
  style={
    Array [
      Object {
        "backgroundColor": "hsl(0, 100%, 100%)",
        "flex": 1,
      },
      undefined,
    ]
  }
>
  <View
    style={
      Object {
        "alignItems": "center",
        "flexDirection": "row",
        "justifyContent": "space-between",
      }
    }
  >
    <View
      accessible={true}
      isTVSelectable={true}
      onResponderGrant={[Function]}
      onResponderMove={[Function]}
      onResponderRelease={[Function]}
      onResponderTerminate={[Function]}
      onResponderTerminationRequest={[Function]}
      onStartShouldSetResponder={[Function]}
      style={
        Object {
          "flex": 1,
          "opacity": 1,
          "padding": 12,
        }
      }
    >
      <View
        style={
          Array [
            undefined,
            undefined,
          ]
        }
      >
        <Text
          allowFontScaling={false}
          style={
            Array [
              Object {
                "color": "hsl(210, 10%, 23%)",
                "fontSize": 24,
              },
              Array [
                undefined,
                undefined,
              ],
              Object {
                "fontFamily": "Material Design Icons",
                "fontStyle": "normal",
                "fontWeight": "normal",
              },
              Object {},
            ]
          }
        >
          ÔÅç
        </Text>
      </View>
    </View>
  </View>
  <RCTScrollView
    automaticallyAdjustContentInsets={false}
    contentContainerStyle={
      Array [
        Object {
          "backgroundColor": "hsl(0, 100%, 100%)",
          "flex": 1,
        },
        undefined,
      ]
    }
    contentInset={
      Object {
        "bottom": 0,
      }
    }
    enableAutomaticScroll={true}
    enableOnAndroid={false}
    enableResetScrollToCoords={true}
    extraHeight={75}
    extraScrollHeight={0}
    getScrollResponder={[Function]}
    handleOnScroll={[Function]}
    keyboardDismissMode="interactive"
    keyboardOpeningTime={250}
    keyboardShouldPersistTaps="handled"
    keyboardSpace={0}
    onScroll={[Function]}
    resetKeyboardSpace={[Function]}
    scrollEnabled={true}
    scrollEventThrottle={1}
    scrollForExtraHeightOnAndroid={[Function]}
    scrollIntoView={[Function]}
    scrollToEnd={[Function]}
    scrollToFocusedInput={[Function]}
    scrollToPosition={[Function]}
    showsVerticalScrollIndicator={true}
    update={[Function]}
    viewIsInsideTabBar={false}
  >
    <View>
      <RCTScrollView
        data={
          Array [
            Object {
              "archive": false,
              "createdAt": 1555243588884,
              "createdBy": "User steve",
              "id": "6",
              "message": "again",
              "updatedAt": 1555258228887,
            },
            Object {
              "archive": false,
              "createdAt": 1555168228887,
              "createdBy": "User bob",
              "id": "5",
              "message": "another message",
              "updatedAt": 1555258228888,
            },
            Object {
              "archive": false,
              "createdAt": 1555056628889,
              "createdBy": "User steve",
              "id": "4",
              "message": "first message",
              "updatedAt": 1555258228889,
            },
            Object {
              "archive": false,
              "createdAt": 1555063828889,
              "createdBy": "User bob",
              "id": "3",
              "message": "third message",
              "updatedAt": 1555258228889,
            },
            Object {
              "archive": false,
              "createdAt": 1554991828889,
              "createdBy": "User bob",
              "id": "2",
              "message": "second message",
              "updatedAt": 1555258228889,
            },
            Object {
              "archive": false,
              "createdAt": 1554995428889,
              "createdBy": "User bob",
              "id": "1",
              "message": "helloasdinaso dinasdoias daso dinaso dna nasd oiasnd ona niosao ao noinoas ao nodasno d",
              "updatedAt": 1555258228889,
            },
          ]
        }
        disableVirtualization={false}
        getItem={[Function]}
        getItemCount={[Function]}
        horizontal={false}
        initialNumToRender={10}
        invertStickyHeaders={true}
        inverted={true}
        keyExtractor={[Function]}
        maxToRenderPerBatch={10}
        numColumns={1}
        onContentSizeChange={[Function]}
        onEndReachedThreshold={2}
        onLayout={[Function]}
        onMomentumScrollEnd={[Function]}
        onScroll={[Function]}
        onScrollBeginDrag={[Function]}
        onScrollEndDrag={[Function]}
        removeClippedSubviews={false}
        renderItem={[Function]}
        scrollEventThrottle={50}
        stickyHeaderIndices={Array []}
        style={
          Array [
            Object {
              "transform": Array [
                Object {
                  "scaleY": -1,
                },
              ],
            },
            undefined,
          ]
        }
        updateCellsBatchingPeriod={50}
        viewabilityConfigCallbackPairs={Array []}
        windowSize={21}
      >
        <View>
          <View
            onLayout={[Function]}
            style={
              Array [
                Object {
                  "flexDirection": "column-reverse",
                },
                Object {
                  "transform": Array [
                    Object {
                      "scaleY": -1,
                    },
                  ],
                },
              ]
            }
          >
            <View
              style={
                Object {
                  "flexDirection": "row",
                }
              }
            >
              <View
                style={
                  Object {
                    "width": 40,
                  }
                }
              >
                <Image
                  source={
                    Object {
                      "testUri": "../../../src/assets/line-chart.png",
                    }
                  }
                  style={
                    Object {
                      "alignSelf": "center",
                      "height": 20,
                      "paddingTop": 30,
                      "resizeMode": "contain",
                      "width": 20,
                    }
                  }
                />
              </View>
              <View
                style={
                  Object {
                    "flexShrink": 1,
                  }
                }
              >
                <View
                  style={
                    Object {
                      "flexDirection": "row",
                    }
                  }
                >
                  <Text
                    style={
                      Array [
                        Object {
                          "fontSize": 20,
                          "fontWeight": "600",
                          "letterSpacing": 0.15,
                        },
                        undefined,
                        Object {
                          "fontWeight": "600",
                        },
                        Object {
                          "paddingRight": 8,
                        },
                      ]
                    }
                  >
                    User steve
                  </Text>
                  <Text
                    style={
                      Array [
                        Object {
                          "fontSize": 16,
                          "fontWeight": "300",
                          "letterSpacing": 0.15,
                        },
                        undefined,
                        undefined,
                        undefined,
                      ]
                    }
                  >
                    5:06 AM
                  </Text>
                </View>
                <Text
                  style={
                    Array [
                      Object {
                        "fontSize": 16,
                        "fontWeight": "300",
                        "letterSpacing": 0.5,
                      },
                      undefined,
                      undefined,
                      Object {
                        "paddingTop": 5,
                      },
                    ]
                  }
                >
                  again
                </Text>
              </View>
            </View>
          </View>
          <View
            onLayout={[Function]}
            style={
              Array [
                Object {
                  "flexDirection": "column-reverse",
                },
                Object {
                  "transform": Array [
                    Object {
                      "scaleY": -1,
                    },
                  ],
                },
              ]
            }
          >
            <View
              style={
                Object {
                  "flexDirection": "row",
                }
              }
            >
              <View
                style={
                  Object {
                    "width": 40,
                  }
                }
              >
                <Image
                  source={
                    Object {
                      "testUri": "../../../src/assets/line-chart.png",
                    }
                  }
                  style={
                    Object {
                      "alignSelf": "center",
                      "height": 20,
                      "paddingTop": 30,
                      "resizeMode": "contain",
                      "width": 20,
                    }
                  }
                />
              </View>
              <View
                style={
                  Object {
                    "flexShrink": 1,
                  }
                }
              >
                <View
                  style={
                    Object {
                      "flexDirection": "row",
                    }
                  }
                >
                  <Text
                    style={
                      Array [
                        Object {
                          "fontSize": 20,
                          "fontWeight": "600",
                          "letterSpacing": 0.15,
                        },
                        undefined,
                        Object {
                          "fontWeight": "600",
                        },
                        Object {
                          "paddingRight": 8,
                        },
                      ]
                    }
                  >
                    User bob
                  </Text>
                  <Text
                    style={
                      Array [
                        Object {
                          "fontSize": 16,
                          "fontWeight": "300",
                          "letterSpacing": 0.15,
                        },
                        undefined,
                        undefined,
                        undefined,
                      ]
                    }
                  >
                    8:10 AM
                  </Text>
                </View>
                <Text
                  style={
                    Array [
                      Object {
                        "fontSize": 16,
                        "fontWeight": "300",
                        "letterSpacing": 0.5,
                      },
                      undefined,
                      undefined,
                      Object {
                        "paddingTop": 5,
                      },
                    ]
                  }
                >
                  another message
                </Text>
              </View>
            </View>
          </View>
          <View
            onLayout={[Function]}
            style={
              Array [
                Object {
                  "flexDirection": "column-reverse",
                },
                Object {
                  "transform": Array [
                    Object {
                      "scaleY": -1,
                    },
                  ],
                },
              ]
            }
          >
            <View
              style={
                Object {
                  "flexDirection": "row",
                }
              }
            >
              <View
                style={
                  Object {
                    "width": 40,
                  }
                }
              >
                <Image
                  source={
                    Object {
                      "testUri": "../../../src/assets/line-chart.png",
                    }
                  }
                  style={
                    Object {
                      "alignSelf": "center",
                      "height": 20,
                      "paddingTop": 30,
                      "resizeMode": "contain",
                      "width": 20,
                    }
                  }
                />
              </View>
              <View
                style={
                  Object {
                    "flexShrink": 1,
                  }
                }
              >
                <View
                  style={
                    Object {
                      "flexDirection": "row",
                    }
                  }
                >
                  <Text
                    style={
                      Array [
                        Object {
                          "fontSize": 20,
                          "fontWeight": "600",
                          "letterSpacing": 0.15,
                        },
                        undefined,
                        Object {
                          "fontWeight": "600",
                        },
                        Object {
                          "paddingRight": 8,
                        },
                      ]
                    }
                  >
                    User steve
                  </Text>
                  <Text
                    style={
                      Array [
                        Object {
                          "fontSize": 16,
                          "fontWeight": "300",
                          "letterSpacing": 0.15,
                        },
                        undefined,
                        undefined,
                        undefined,
                      ]
                    }
                  >
                    1:10 AM
                  </Text>
                </View>
                <Text
                  style={
                    Array [
                      Object {
                        "fontSize": 16,
                        "fontWeight": "300",
                        "letterSpacing": 0.5,
                      },
                      undefined,
                      undefined,
                      Object {
                        "paddingTop": 5,
                      },
                    ]
                  }
                >
                  first message
                </Text>
              </View>
            </View>
          </View>
          <View
            onLayout={[Function]}
            style={
              Array [
                Object {
                  "flexDirection": "column-reverse",
                },
                Object {
                  "transform": Array [
                    Object {
                      "scaleY": -1,
                    },
                  ],
                },
              ]
            }
          >
            <View
              style={
                Object {
                  "flexDirection": "row",
                }
              }
            >
              <View
                style={
                  Object {
                    "width": 40,
                  }
                }
              >
                <Image
                  source={
                    Object {
                      "testUri": "../../../src/assets/line-chart.png",
                    }
                  }
                  style={
                    Object {
                      "alignSelf": "center",
                      "height": 20,
                      "paddingTop": 30,
                      "resizeMode": "contain",
                      "width": 20,
                    }
                  }
                />
              </View>
              <View
                style={
                  Object {
                    "flexShrink": 1,
                  }
                }
              >
                <View
                  style={
                    Object {
                      "flexDirection": "row",
                    }
                  }
                >
                  <Text
                    style={
                      Array [
                        Object {
                          "fontSize": 20,
                          "fontWeight": "600",
                          "letterSpacing": 0.15,
                        },
                        undefined,
                        Object {
                          "fontWeight": "600",
                        },
                        Object {
                          "paddingRight": 8,
                        },
                      ]
                    }
                  >
                    User bob
                  </Text>
                  <Text
                    style={
                      Array [
                        Object {
                          "fontSize": 16,
                          "fontWeight": "300",
                          "letterSpacing": 0.15,
                        },
                        undefined,
                        undefined,
                        undefined,
                      ]
                    }
                  >
                    3:10 AM
                  </Text>
                </View>
                <Text
                  style={
                    Array [
                      Object {
                        "fontSize": 16,
                        "fontWeight": "300",
                        "letterSpacing": 0.5,
                      },
                      undefined,
                      undefined,
                      Object {
                        "paddingTop": 5,
                      },
                    ]
                  }
                >
                  third message
                </Text>
              </View>
            </View>
          </View>
          <View
            onLayout={[Function]}
            style={
              Array [
                Object {
                  "flexDirection": "column-reverse",
                },
                Object {
                  "transform": Array [
                    Object {
                      "scaleY": -1,
                    },
                  ],
                },
              ]
            }
          >
            <View
              style={
                Object {
                  "flexDirection": "row",
                }
              }
            >
              <View
                style={
                  Object {
                    "width": 40,
                  }
                }
              >
                <Image
                  source={
                    Object {
                      "testUri": "../../../src/assets/line-chart.png",
                    }
                  }
                  style={
                    Object {
                      "alignSelf": "center",
                      "height": 20,
                      "paddingTop": 30,
                      "resizeMode": "contain",
                      "width": 20,
                    }
                  }
                />
              </View>
              <View
                style={
                  Object {
                    "flexShrink": 1,
                  }
                }
              >
                <View
                  style={
                    Object {
                      "flexDirection": "row",
                    }
                  }
                >
                  <Text
                    style={
                      Array [
                        Object {
                          "fontSize": 20,
                          "fontWeight": "600",
                          "letterSpacing": 0.15,
                        },
                        undefined,
                        Object {
                          "fontWeight": "600",
                        },
                        Object {
                          "paddingRight": 8,
                        },
                      ]
                    }
                  >
                    User bob
                  </Text>
                  <Text
                    style={
                      Array [
                        Object {
                          "fontSize": 16,
                          "fontWeight": "300",
                          "letterSpacing": 0.15,
                        },
                        undefined,
                        undefined,
                        undefined,
                      ]
                    }
                  >
                    7:10 AM
                  </Text>
                </View>
                <Text
                  style={
                    Array [
                      Object {
                        "fontSize": 16,
                        "fontWeight": "300",
                        "letterSpacing": 0.5,
                      },
                      undefined,
                      undefined,
                      Object {
                        "paddingTop": 5,
                      },
                    ]
                  }
                >
                  second message
                </Text>
              </View>
            </View>
          </View>
          <View
            onLayout={[Function]}
            style={
              Array [
                Object {
                  "flexDirection": "column-reverse",
                },
                Object {
                  "transform": Array [
                    Object {
                      "scaleY": -1,
                    },
                  ],
                },
              ]
            }
          >
            <View
              style={
                Object {
                  "flexDirection": "row",
                }
              }
            >
              <View
                style={
                  Object {
                    "width": 40,
                  }
                }
              >
                <Image
                  source={
                    Object {
                      "testUri": "../../../src/assets/line-chart.png",
                    }
                  }
                  style={
                    Object {
                      "alignSelf": "center",
                      "height": 20,
                      "paddingTop": 30,
                      "resizeMode": "contain",
                      "width": 20,
                    }
                  }
                />
              </View>
              <View
                style={
                  Object {
                    "flexShrink": 1,
                  }
                }
              >
                <View
                  style={
                    Object {
                      "flexDirection": "row",
                    }
                  }
                >
                  <Text
                    style={
                      Array [
                        Object {
                          "fontSize": 20,
                          "fontWeight": "600",
                          "letterSpacing": 0.15,
                        },
                        undefined,
                        Object {
                          "fontWeight": "600",
                        },
                        Object {
                          "paddingRight": 8,
                        },
                      ]
                    }
                  >
                    User bob
                  </Text>
                  <Text
                    style={
                      Array [
                        Object {
                          "fontSize": 16,
                          "fontWeight": "300",
                          "letterSpacing": 0.15,
                        },
                        undefined,
                        undefined,
                        undefined,
                      ]
                    }
                  >
                    8:10 AM
                  </Text>
                </View>
                <Text
                  style={
                    Array [
                      Object {
                        "fontSize": 16,
                        "fontWeight": "300",
                        "letterSpacing": 0.5,
                      },
                      undefined,
                      undefined,
                      Object {
                        "paddingTop": 5,
                      },
                    ]
                  }
                >
                  helloasdinaso dinasdoias daso dinaso dna nasd oiasnd ona niosao ao noinoas ao nodasno d
                </Text>
              </View>
            </View>
          </View>
        </View>
      </RCTScrollView>
      <View
        style={
          Object {
            "flexDirection": "row",
          }
        }
      >
        <View
          style={
            Array [
              Object {
                "flex": 1,
              },
              undefined,
            ]
          }
        >
          <View
            style={
              Object {
                "flexDirection": "row",
              }
            }
          />
          <View
            style={
              Object {
                "flexDirection": "row",
              }
            }
          >
            <TextInput
              allowFontScaling={true}
              blurOnSubmit={true}
              disableFullscreenUI={true}
              editable={true}
              onBlur={[Function]}
              onChangeText={[Function]}
              onFocus={[Function]}
              placeholderTextColor="hsl(208, 7%, 46%)"
              rejectResponderTermination={true}
              selectionColor="hsl(211, 100%, 50%)"
              style={
                Array [
                  Object {
                    "backgroundColor": "hsl(0, 100%, 100%)",
                    "borderColor": "hsl(208, 7%, 46%)",
                    "borderRadius": 4,
                    "borderWidth": 2,
                    "padding": 8,
                    "paddingRight": 32,
                    "width": "100%",
                  },
                  "",
                  false,
                  Object {
                    "fontSize": 14,
                    "fontWeight": "300",
                    "letterSpacing": 0.25,
                  },
                  undefined,
                ]
              }
              underlineColorAndroid="transparent"
              value=""
            />
          </View>
          <View
            accessible={true}
            isTVSelectable={true}
            onResponderGrant={[Function]}
            onResponderMove={[Function]}
            onResponderRelease={[Function]}
            onResponderTerminate={[Function]}
            onResponderTerminationRequest={[Function]}
            onStartShouldSetResponder={[Function]}
            style={
              Object {
                "alignItems": "center",
                "alignSelf": "flex-start",
                "backgroundColor": "transparent",
                "borderColor": "transparent",
                "borderRadius": 4,
                "borderWidth": 1,
                "color": "hsl(211, 100%, 50%)",
                "flexDirection": "row",
                "height": 20,
                "justifyContent": "flex-start",
                "marginVertical": 4,
                "opacity": 1,
                "paddingHorizontal": 0,
              }
            }
          >
            <View
              style={
                Array [
                  Object {
                    "opacity": 0,
                  },
                  Array [
                    "",
                    Array [
                      Object {
                        "backgroundColor": "transparent",
                        "color": "hsl(211, 100%, 50%)",
                      },
                      undefined,
                      undefined,
                      Object {
                        "color": "hsl(354, 70%, 54%)",
                      },
                      undefined,
                      undefined,
                      undefined,
                    ],
                  ],
                ]
              }
            >
              <Text
                allowFontScaling={false}
                style={
                  Array [
                    Object {
                      "color": "hsl(210, 10%, 23%)",
                      "fontSize": 16,
                    },
                    Array [
                      Object {
                        "opacity": 0,
                      },
                      Array [
                        "",
                        Array [
                          Object {
                            "backgroundColor": "transparent",
                            "color": "hsl(211, 100%, 50%)",
                          },
                          undefined,
                          undefined,
                          Object {
                            "color": "hsl(354, 70%, 54%)",
                          },
                          undefined,
                          undefined,
                          undefined,
                        ],
                      ],
                    ],
                    Object {
                      "fontFamily": "Material Design Icons",
                      "fontStyle": "normal",
                      "fontWeight": "normal",
                    },
                    Object {},
                  ]
                }
              >
                ÔÄ®
              </Text>
            </View>
          </View>
        </View>
        <View
          accessible={true}
          isTVSelectable={true}
          onResponderGrant={[Function]}
          onResponderMove={[Function]}
          onResponderRelease={[Function]}
          onResponderTerminate={[Function]}
          onResponderTerminationRequest={[Function]}
          onStartShouldSetResponder={[Function]}
          style={
            Object {
              "alignItems": "center",
              "backgroundColor": "transparent",
              "borderColor": "transparent",
              "borderRadius": 4,
              "borderWidth": 1,
              "color": "hsl(211, 100%, 50%)",
              "flexDirection": "row",
              "height": 36,
              "justifyContent": "center",
              "opacity": 1,
              "paddingHorizontal": 16,
            }
          }
        >
          <View
            style={
              Array [
                undefined,
                Array [
                  undefined,
                  Array [
                    Object {
                      "backgroundColor": "transparent",
                      "color": "hsl(211, 100%, 50%)",
                    },
                    undefined,
                    undefined,
                    undefined,
                    undefined,
                    undefined,
                    undefined,
                  ],
                ],
              ]
            }
          >
            <Text
              allowFontScaling={false}
              style={
                Array [
                  Object {
                    "color": "hsl(210, 10%, 23%)",
                    "fontSize": 16,
                  },
                  Array [
                    undefined,
                    Array [
                      undefined,
                      Array [
                        Object {
                          "backgroundColor": "transparent",
                          "color": "hsl(211, 100%, 50%)",
                        },
                        undefined,
                        undefined,
                        undefined,
                        undefined,
                        undefined,
                        undefined,
                      ],
                    ],
                  ],
                  Object {
                    "fontFamily": "Material Design Icons",
                    "fontStyle": "normal",
                    "fontWeight": "normal",
                  },
                  Object {},
                ]
              }
            >
              Ôíä
            </Text>
          </View>
        </View>
      </View>
    </View>
  </RCTScrollView>
</RCTSafeAreaView>
`;
