// Jest Snapshot v1, https://goo.gl/fbAQLP

exports[`renders correctly 1`] = `
<View
  style={
    Array [
      undefined,
      undefined,
    ]
  }
>
  <View
    style={
      Object {
        "flexDirection": "row",
      }
    }
  />
  <View
    style={
      Object {
        "flexDirection": "row",
      }
    }
  >
    <TextInput
      allowFontScaling={true}
      blurOnSubmit={true}
      disableFullscreenUI={true}
      editable={true}
      onBlur={[Function]}
      onChangeText={[Function]}
      onFocus={[Function]}
      placeholderTextColor="hsl(208, 7%, 46%)"
      rejectResponderTermination={true}
      selectionColor="hsl(211, 100%, 50%)"
      style={
        Array [
          Object {
            "backgroundColor": "hsl(0, 100%, 100%)",
            "borderColor": "hsl(208, 7%, 46%)",
            "borderRadius": 4,
            "borderWidth": 2,
            "padding": 8,
            "paddingRight": 32,
            "width": "100%",
          },
          "",
          false,
          Object {
            "fontSize": 14,
            "fontWeight": "300",
            "letterSpacing": 0.25,
          },
          undefined,
        ]
      }
      underlineColorAndroid="transparent"
      value="hello"
    />
    <View
      accessible={true}
      isTVSelectable={true}
      onResponderGrant={[Function]}
      onResponderMove={[Function]}
      onResponderRelease={[Function]}
      onResponderTerminate={[Function]}
      onResponderTerminationRequest={[Function]}
      onStartShouldSetResponder={[Function]}
      style={
        Object {
          "alignItems": "center",
          "backgroundColor": "transparent",
          "borderColor": "transparent",
          "borderRadius": 4,
          "borderWidth": 1,
          "color": "hsl(211, 100%, 50%)",
          "flexDirection": "row",
          "height": 36,
          "justifyContent": "center",
          "opacity": 1,
          "paddingHorizontal": 16,
          "position": "absolute",
          "right": -2,
          "top": 2,
        }
      }
    >
      <View
        style={
          Array [
            undefined,
            Array [
              undefined,
              Array [
                Object {
                  "backgroundColor": "transparent",
                  "color": "hsl(211, 100%, 50%)",
                },
                undefined,
                Object {
                  "color": "hsl(208, 7%, 46%)",
                },
                undefined,
                undefined,
                undefined,
                undefined,
              ],
            ],
          ]
        }
      >
        <Text
          allowFontScaling={false}
          style={
            Array [
              Object {
                "color": "hsl(210, 10%, 23%)",
                "fontSize": 16,
              },
              Array [
                undefined,
                Array [
                  undefined,
                  Array [
                    Object {
                      "backgroundColor": "transparent",
                      "color": "hsl(211, 100%, 50%)",
                    },
                    undefined,
                    Object {
                      "color": "hsl(208, 7%, 46%)",
                    },
                    undefined,
                    undefined,
                    undefined,
                    undefined,
                  ],
                ],
              ],
              Object {
                "fontFamily": "Material Design Icons",
                "fontStyle": "normal",
                "fontWeight": "normal",
              },
              Object {},
            ]
          }
        >
          
        </Text>
      </View>
    </View>
  </View>
  <View
    accessible={true}
    isTVSelectable={true}
    onResponderGrant={[Function]}
    onResponderMove={[Function]}
    onResponderRelease={[Function]}
    onResponderTerminate={[Function]}
    onResponderTerminationRequest={[Function]}
    onStartShouldSetResponder={[Function]}
    style={
      Object {
        "alignItems": "center",
        "alignSelf": "flex-start",
        "backgroundColor": "transparent",
        "borderColor": "transparent",
        "borderRadius": 4,
        "borderWidth": 1,
        "color": "hsl(211, 100%, 50%)",
        "flexDirection": "row",
        "height": 20,
        "justifyContent": "flex-start",
        "marginVertical": 4,
        "opacity": 1,
        "paddingHorizontal": 0,
      }
    }
  >
    <View
      style={
        Array [
          Object {
            "opacity": 0,
          },
          Array [
            "",
            Array [
              Object {
                "backgroundColor": "transparent",
                "color": "hsl(211, 100%, 50%)",
              },
              undefined,
              undefined,
              Object {
                "color": "hsl(354, 70%, 54%)",
              },
              undefined,
              undefined,
              undefined,
            ],
          ],
        ]
      }
    >
      <Text
        allowFontScaling={false}
        style={
          Array [
            Object {
              "color": "hsl(210, 10%, 23%)",
              "fontSize": 16,
            },
            Array [
              Object {
                "opacity": 0,
              },
              Array [
                "",
                Array [
                  Object {
                    "backgroundColor": "transparent",
                    "color": "hsl(211, 100%, 50%)",
                  },
                  undefined,
                  undefined,
                  Object {
                    "color": "hsl(354, 70%, 54%)",
                  },
                  undefined,
                  undefined,
                  undefined,
                ],
              ],
            ],
            Object {
              "fontFamily": "Material Design Icons",
              "fontStyle": "normal",
              "fontWeight": "normal",
            },
            Object {},
          ]
        }
      >
        
      </Text>
    </View>
    <Text
      style={
        Array [
          Object {
            "color": "hsl(0, 0%, 0%)",
          },
          Object {
            "fontSize": 14,
            "fontWeight": "300",
            "letterSpacing": 0.25,
          },
          Object {
            "textAlign": "center",
          },
          undefined,
          undefined,
          undefined,
          Array [
            Object {
              "backgroundColor": "transparent",
              "color": "hsl(211, 100%, 50%)",
            },
            undefined,
            undefined,
            Object {
              "color": "hsl(354, 70%, 54%)",
            },
            undefined,
            undefined,
            undefined,
          ],
        ]
      }
    >
      
    </Text>
  </View>
</View>
`;
