// Jest Snapshot v1, https://goo.gl/fbAQLP

exports[`renders correctly 1`] = `
<RCTSafeAreaView
  emulateUnlessSupported={true}
  style={
    Object {
      "backgroundColor": "hsl(0, 0%, 100%)",
      "flex": 1,
    }
  }
>
  <View
    style={
      Object {
        "alignItems": "center",
        "borderBottomColor": "hsl(210, 10%, 23%)",
        "borderBottomWidth": 0,
        "flexDirection": "row",
        "height": 72,
        "justifyContent": "space-between",
      }
    }
  >
    <View
      accessible={true}
      focusable={true}
      isTVSelectable={true}
      onClick={[Function]}
      onResponderGrant={[Function]}
      onResponderMove={[Function]}
      onResponderRelease={[Function]}
      onResponderTerminate={[Function]}
      onResponderTerminationRequest={[Function]}
      onStartShouldSetResponder={[Function]}
      style={
        Object {
          "flex": 0.2,
          "opacity": 1,
          "padding": 12,
        }
      }
    >
      <View>
        <Text
          allowFontScaling={false}
          style={
            Array [
              Object {
                "color": "hsl(210, 10%, 23%)",
                "fontSize": 24,
              },
              Array [
                undefined,
                undefined,
              ],
              Object {
                "fontFamily": "Material Design Icons",
                "fontStyle": "normal",
                "fontWeight": "normal",
              },
              Object {},
            ]
          }
        >
          ÔÅç
        </Text>
      </View>
    </View>
    <View
      accessible={true}
      focusable={false}
      isTVSelectable={true}
      onClick={[Function]}
      onResponderGrant={[Function]}
      onResponderMove={[Function]}
      onResponderRelease={[Function]}
      onResponderTerminate={[Function]}
      onResponderTerminationRequest={[Function]}
      onStartShouldSetResponder={[Function]}
      style={
        Object {
          "flex": 0.2,
          "opacity": 1,
          "padding": 12,
        }
      }
    />
  </View>
  <RCTScrollView
    automaticallyAdjustContentInsets={false}
    contentContainerStyle={
      Array [
        Object {
          "backgroundColor": "hsl(0, 0%, 100%)",
          "flex": 1,
        },
        undefined,
        undefined,
      ]
    }
    contentInset={
      Object {
        "bottom": 0,
      }
    }
    enableAutomaticScroll={true}
    enableOnAndroid={false}
    enableResetScrollToCoords={true}
    extraHeight={75}
    extraScrollHeight={0}
    getScrollResponder={[Function]}
    handleOnScroll={[Function]}
    keyboardDismissMode="interactive"
    keyboardOpeningTime={250}
    keyboardShouldPersistTaps="handled"
    keyboardSpace={0}
    onScroll={[Function]}
    resetKeyboardSpace={[Function]}
    scrollEventThrottle={1}
    scrollForExtraHeightOnAndroid={[Function]}
    scrollIntoView={[Function]}
    scrollToEnd={[Function]}
    scrollToFocusedInput={[Function]}
    scrollToPosition={[Function]}
    showsVerticalScrollIndicator={true}
    update={[Function]}
    viewIsInsideTabBar={false}
  >
    <View>
      <View
        style={
          Object {
            "backgroundColor": "hsl(0, 0%, 100%)",
          }
        }
      >
        <RCTScrollView
          style={
            Object {
              "paddingHorizontal": 16,
            }
          }
        >
          <View>
            <View
              style={
                Object {
                  "paddingBottom": 16,
                }
              }
            >
              <Text
                style={
                  Object {
                    "color": "hsl(0, 0%, 0%)",
                    "fontSize": 48,
                    "fontWeight": "100",
                    "letterSpacing": -1.5,
                    "opacity": 1,
                    "paddingBottom": 8,
                  }
                }
              >
                Do This
              </Text>
              <Text
                style={
                  Object {
                    "paddingBottom": 8,
                  }
                }
              >
                <Text
                  style={
                    Object {
                      "color": "hsl(0, 0%, 0%)",
                      "fontSize": 14,
                      "fontWeight": "300",
                      "letterSpacing": 0.25,
                      "opacity": 1,
                    }
                  }
                >
                  best way to get your life together 
                </Text>
              </Text>
            </View>
            <View
              style={
                Object {
                  "paddingBottom": 16,
                }
              }
            >
              <Text
                style={
                  Object {
                    "color": "hsl(0, 0%, 0%)",
                    "fontSize": 24,
                    "fontWeight": "300",
                    "letterSpacing": 0,
                    "opacity": 1,
                    "paddingBottom": 8,
                  }
                }
              >
                H2 title
              </Text>
              <Text
                style={
                  Object {
                    "paddingBottom": 8,
                  }
                }
              >
                <Text
                  style={
                    Object {
                      "color": "hsl(0, 0%, 0%)",
                      "fontSize": 14,
                      "fontWeight": "300",
                      "letterSpacing": 0.25,
                      "opacity": 1,
                    }
                  }
                >
                  first paragraph 
                </Text>
                <Text
                  onPress={[Function]}
                  style={
                    Object {
                      "color": "hsl(211, 100%, 50%)",
                      "fontSize": 14,
                      "fontWeight": "300",
                      "letterSpacing": 0.25,
                      "opacity": 1,
                    }
                  }
                >
                  nav here 
                </Text>
                <Text
                  style={
                    Object {
                      "color": "hsl(0, 0%, 0%)",
                      "fontSize": 14,
                      "fontWeight": "300",
                      "letterSpacing": 0.25,
                      "opacity": 1,
                    }
                  }
                >
                  blah bldah blah. blah blah blah 
                </Text>
              </Text>
              <Text
                style={
                  Object {
                    "paddingBottom": 8,
                  }
                }
              >
                <Text
                  style={
                    Object {
                      "color": "hsl(0, 0%, 0%)",
                      "fontSize": 14,
                      "fontWeight": "300",
                      "letterSpacing": 0.25,
                      "opacity": 1,
                    }
                  }
                >
                  second paragraph 
                </Text>
                <Text
                  onPress={[Function]}
                  style={
                    Object {
                      "color": "hsl(211, 100%, 50%)",
                      "fontSize": 14,
                      "fontWeight": "300",
                      "letterSpacing": 0.25,
                      "opacity": 1,
                    }
                  }
                >
                  nav here 
                </Text>
                <Text
                  style={
                    Object {
                      "color": "hsl(0, 0%, 0%)",
                      "fontSize": 14,
                      "fontWeight": "300",
                      "letterSpacing": 0.25,
                      "opacity": 1,
                    }
                  }
                >
                  blah blah da donas odinasod nasn dioaondlah. blah bl asdoi asnd oasnd oansod naosdn oasnodi nasoidn oias as dasoidn asoidn oaah blah 
                </Text>
              </Text>
            </View>
            <View
              style={
                Object {
                  "paddingBottom": 16,
                }
              }
            >
              <Text
                style={
                  Object {
                    "color": "hsl(0, 0%, 0%)",
                    "fontSize": 24,
                    "fontWeight": "300",
                    "letterSpacing": 0,
                    "opacity": 1,
                    "paddingBottom": 8,
                  }
                }
              >
                H3 content 
              </Text>
              <Text
                style={
                  Object {
                    "paddingBottom": 8,
                  }
                }
              >
                <Text
                  style={
                    Object {
                      "color": "hsl(0, 0%, 0%)",
                      "fontSize": 14,
                      "fontWeight": "300",
                      "letterSpacing": 0.25,
                      "opacity": 1,
                    }
                  }
                >
                  first paragraph 
                </Text>
                <Text
                  onPress={[Function]}
                  style={
                    Object {
                      "color": "hsl(211, 100%, 50%)",
                      "fontSize": 14,
                      "fontWeight": "300",
                      "letterSpacing": 0.25,
                      "opacity": 1,
                    }
                  }
                >
                  nav here 
                </Text>
                <Text
                  style={
                    Object {
                      "color": "hsl(0, 0%, 0%)",
                      "fontSize": 14,
                      "fontWeight": "300",
                      "letterSpacing": 0.25,
                      "opacity": 1,
                    }
                  }
                >
                  blah bldah blah. blah blah blah 
                </Text>
              </Text>
              <Text
                style={
                  Object {
                    "paddingBottom": 8,
                  }
                }
              >
                <Text
                  style={
                    Object {
                      "color": "hsl(0, 0%, 0%)",
                      "fontSize": 14,
                      "fontWeight": "300",
                      "letterSpacing": 0.25,
                      "opacity": 1,
                    }
                  }
                >
                  second paragraph 
                </Text>
                <Text
                  onPress={[Function]}
                  style={
                    Object {
                      "color": "hsl(211, 100%, 50%)",
                      "fontSize": 14,
                      "fontWeight": "300",
                      "letterSpacing": 0.25,
                      "opacity": 1,
                    }
                  }
                >
                  nav here 
                </Text>
                <Text
                  style={
                    Object {
                      "color": "hsl(0, 0%, 0%)",
                      "fontSize": 14,
                      "fontWeight": "300",
                      "letterSpacing": 0.25,
                      "opacity": 1,
                    }
                  }
                >
                  blah blah da donas odinasod nasn dioaondlah. blah bl asdoi asnd oasnd oansod naosdn oasnodi nasoidn oias as dasoidn asoidn oaah blah 
                </Text>
              </Text>
              <Text
                style={
                  Object {
                    "paddingBottom": 8,
                  }
                }
              >
                <Text
                  style={
                    Object {
                      "color": "hsl(0, 0%, 0%)",
                      "fontSize": 14,
                      "fontWeight": "300",
                      "letterSpacing": 0.25,
                      "opacity": 1,
                    }
                  }
                >
                  third paragraph 
                </Text>
                <Text
                  onPress={[Function]}
                  style={
                    Object {
                      "color": "hsl(211, 100%, 50%)",
                      "fontSize": 14,
                      "fontWeight": "300",
                      "letterSpacing": 0.25,
                      "opacity": 1,
                    }
                  }
                >
                  nav here 
                </Text>
                <Text
                  style={
                    Object {
                      "color": "hsl(0, 0%, 0%)",
                      "fontSize": 14,
                      "fontWeight": "300",
                      "letterSpacing": 0.25,
                      "opacity": 1,
                    }
                  }
                >
                  blah blah da donas odinasod nasn dioaondlah. blah bl asdoi asnd oasnd oansod naosdn oasnodi nasoidn oias as dasoidn asoidn oaah blah 
                </Text>
              </Text>
            </View>
            <View
              style={
                Object {
                  "paddingBottom": 16,
                }
              }
            >
              <Text
                style={
                  Object {
                    "color": "hsl(0, 0%, 0%)",
                    "fontSize": 24,
                    "fontWeight": "300",
                    "letterSpacing": 0,
                    "opacity": 1,
                    "paddingBottom": 8,
                  }
                }
              >
                H3 content 
              </Text>
              <Text
                style={
                  Object {
                    "paddingBottom": 8,
                  }
                }
              >
                <Text
                  style={
                    Object {
                      "color": "hsl(0, 0%, 0%)",
                      "fontSize": 14,
                      "fontWeight": "300",
                      "letterSpacing": 0.25,
                      "opacity": 1,
                    }
                  }
                >
                  first paragraph 
                </Text>
                <Text
                  onPress={[Function]}
                  style={
                    Object {
                      "color": "hsl(211, 100%, 50%)",
                      "fontSize": 14,
                      "fontWeight": "300",
                      "letterSpacing": 0.25,
                      "opacity": 1,
                    }
                  }
                >
                  nav here 
                </Text>
                <Text
                  style={
                    Object {
                      "color": "hsl(0, 0%, 0%)",
                      "fontSize": 14,
                      "fontWeight": "300",
                      "letterSpacing": 0.25,
                      "opacity": 1,
                    }
                  }
                >
                  blah bldah blah. blah blah blah 
                </Text>
              </Text>
              <Text
                style={
                  Object {
                    "paddingBottom": 8,
                  }
                }
              >
                <Text
                  style={
                    Object {
                      "color": "hsl(0, 0%, 0%)",
                      "fontSize": 14,
                      "fontWeight": "300",
                      "letterSpacing": 0.25,
                      "opacity": 1,
                    }
                  }
                >
                  second paragraph 
                </Text>
                <Text
                  onPress={[Function]}
                  style={
                    Object {
                      "color": "hsl(211, 100%, 50%)",
                      "fontSize": 14,
                      "fontWeight": "300",
                      "letterSpacing": 0.25,
                      "opacity": 1,
                    }
                  }
                >
                  nav herhere 
                </Text>
                <Text
                  style={
                    Object {
                      "color": "hsl(0, 0%, 0%)",
                      "fontSize": 14,
                      "fontWeight": "300",
                      "letterSpacing": 0.25,
                      "opacity": 1,
                    }
                  }
                >
                  blah blah da donas odinasod nasn dioaondlah. blah bl asdoi asnd oasnd oansod naosdn oasnodi nasoidn oias as dasoidn asoidn oaah blah 
                </Text>
              </Text>
              <Text
                style={
                  Object {
                    "paddingBottom": 8,
                  }
                }
              >
                <Text
                  style={
                    Object {
                      "color": "hsl(0, 0%, 0%)",
                      "fontSize": 14,
                      "fontWeight": "300",
                      "letterSpacing": 0.25,
                      "opacity": 1,
                    }
                  }
                >
                  third paragraph 
                </Text>
                <Text
                  onPress={[Function]}
                  style={
                    Object {
                      "color": "hsl(211, 100%, 50%)",
                      "fontSize": 14,
                      "fontWeight": "300",
                      "letterSpacing": 0.25,
                      "opacity": 1,
                    }
                  }
                >
                  nav here 
                </Text>
                <Text
                  style={
                    Object {
                      "color": "hsl(0, 0%, 0%)",
                      "fontSize": 14,
                      "fontWeight": "300",
                      "letterSpacing": 0.25,
                      "opacity": 1,
                    }
                  }
                >
                  blah blah da donas odinasod nasn dioaondlah. blah bl asdoi asnd oasnd oansod naosdn oasnodi nasoidn oias as dasoidn asoidn oaah blah 
                </Text>
              </Text>
            </View>
          </View>
        </RCTScrollView>
      </View>
    </View>
  </RCTScrollView>
</RCTSafeAreaView>
`;
