// Jest Snapshot v1, https://goo.gl/fbAQLP

exports[`renders correctly 1`] = `
<RCTSafeAreaView
  emulateUnlessSupported={true}
  style={
    Array [
      Object {
        "backgroundColor": "hsl(0, 100%, 100%)",
        "flex": 1,
      },
      undefined,
    ]
  }
>
  <RCTScrollView
    automaticallyAdjustContentInsets={false}
    contentContainerStyle={
      Array [
        Object {
          "backgroundColor": "hsl(0, 100%, 100%)",
          "flex": 1,
        },
        undefined,
      ]
    }
    contentInset={
      Object {
        "bottom": 0,
      }
    }
    enableAutomaticScroll={true}
    enableOnAndroid={false}
    enableResetScrollToCoords={true}
    extraHeight={75}
    extraScrollHeight={0}
    getScrollResponder={[Function]}
    handleOnScroll={[Function]}
    keyboardDismissMode="interactive"
    keyboardOpeningTime={250}
    keyboardShouldPersistTaps="handled"
    keyboardSpace={0}
    onScroll={[Function]}
    resetKeyboardSpace={[Function]}
    scrollEnabled={true}
    scrollEventThrottle={1}
    scrollForExtraHeightOnAndroid={[Function]}
    scrollIntoView={[Function]}
    scrollToEnd={[Function]}
    scrollToFocusedInput={[Function]}
    scrollToPosition={[Function]}
    showsVerticalScrollIndicator={true}
    update={[Function]}
    viewIsInsideTabBar={false}
  >
    <View>
      <Text
        style={
          Array [
            Object {
              "fontSize": 14,
              "fontWeight": "300",
              "letterSpacing": 0.25,
            },
            undefined,
            undefined,
            undefined,
          ]
        }
      >
        Login
      </Text>
      <View
        style={
          Array [
            undefined,
            undefined,
          ]
        }
      >
        <View
          style={
            Object {
              "flexDirection": "row",
            }
          }
        >
          <View
            accessible={true}
            isTVSelectable={true}
            onResponderGrant={[Function]}
            onResponderMove={[Function]}
            onResponderRelease={[Function]}
            onResponderTerminate={[Function]}
            onResponderTerminationRequest={[Function]}
            onStartShouldSetResponder={[Function]}
            style={
              Object {
                "alignItems": "center",
                "alignSelf": "flex-start",
                "backgroundColor": "transparent",
                "borderColor": "transparent",
                "borderRadius": 4,
                "borderWidth": 1,
                "color": "hsl(211, 100%, 50%)",
                "flexDirection": "row",
                "height": 20,
                "justifyContent": "flex-start",
                "marginVertical": 4,
                "opacity": 1,
                "paddingHorizontal": 0,
              }
            }
          >
            <Text
              style={
                Array [
                  Object {
                    "fontSize": 14,
                    "fontWeight": "300",
                    "letterSpacing": 0.25,
                  },
                  Object {
                    "textAlign": "center",
                  },
                  undefined,
                  Array [
                    Object {
                      "backgroundColor": "transparent",
                      "color": "hsl(211, 100%, 50%)",
                    },
                    Object {
                      "color": "hsl(0, 0%, 0%)",
                    },
                    undefined,
                    undefined,
                    undefined,
                    undefined,
                    undefined,
                  ],
                ]
              }
            >
              email
            </Text>
          </View>
        </View>
        <View
          style={
            Object {
              "flexDirection": "row",
            }
          }
        >
          <TextInput
            allowFontScaling={true}
            blurOnSubmit={true}
            disableFullscreenUI={true}
            editable={true}
            onBlur={[Function]}
            onChangeText={[Function]}
            onFocus={[Function]}
            placeholder="example@gmail.com"
            placeholderTextColor="hsl(208, 7%, 46%)"
            rejectResponderTermination={true}
            selectionColor="hsl(211, 100%, 50%)"
            style={
              Array [
                Object {
                  "backgroundColor": "hsl(0, 100%, 100%)",
                  "borderColor": "hsl(208, 7%, 46%)",
                  "borderRadius": 4,
                  "borderWidth": 2,
                  "padding": 8,
                  "paddingRight": 32,
                  "width": "100%",
                },
                "",
                false,
                Object {
                  "fontSize": 14,
                  "fontWeight": "300",
                  "letterSpacing": 0.25,
                },
                undefined,
              ]
            }
            underlineColorAndroid="transparent"
            value=""
          />
        </View>
        <View
          accessible={true}
          isTVSelectable={true}
          onResponderGrant={[Function]}
          onResponderMove={[Function]}
          onResponderRelease={[Function]}
          onResponderTerminate={[Function]}
          onResponderTerminationRequest={[Function]}
          onStartShouldSetResponder={[Function]}
          style={
            Object {
              "alignItems": "center",
              "alignSelf": "flex-start",
              "backgroundColor": "transparent",
              "borderColor": "transparent",
              "borderRadius": 4,
              "borderWidth": 1,
              "color": "hsl(211, 100%, 50%)",
              "flexDirection": "row",
              "height": 20,
              "justifyContent": "flex-start",
              "marginVertical": 4,
              "opacity": 1,
              "paddingHorizontal": 0,
            }
          }
        >
          <View
            style={
              Array [
                Object {
                  "opacity": 0,
                },
                Array [
                  "",
                  Array [
                    Object {
                      "backgroundColor": "transparent",
                      "color": "hsl(211, 100%, 50%)",
                    },
                    undefined,
                    undefined,
                    Object {
                      "color": "hsl(354, 70%, 54%)",
                    },
                    undefined,
                    undefined,
                    undefined,
                  ],
                ],
              ]
            }
          >
            <Text
              allowFontScaling={false}
              style={
                Array [
                  Object {
                    "color": "hsl(210, 10%, 23%)",
                    "fontSize": 16,
                  },
                  Array [
                    Object {
                      "opacity": 0,
                    },
                    Array [
                      "",
                      Array [
                        Object {
                          "backgroundColor": "transparent",
                          "color": "hsl(211, 100%, 50%)",
                        },
                        undefined,
                        undefined,
                        Object {
                          "color": "hsl(354, 70%, 54%)",
                        },
                        undefined,
                        undefined,
                        undefined,
                      ],
                    ],
                  ],
                  Object {
                    "fontFamily": "Material Design Icons",
                    "fontStyle": "normal",
                    "fontWeight": "normal",
                  },
                  Object {},
                ]
              }
            >
              ï€¨
            </Text>
          </View>
        </View>
      </View>
      <View
        style={
          Array [
            undefined,
            undefined,
          ]
        }
      >
        <View
          style={
            Object {
              "flexDirection": "row",
            }
          }
        >
          <View
            accessible={true}
            isTVSelectable={true}
            onResponderGrant={[Function]}
            onResponderMove={[Function]}
            onResponderRelease={[Function]}
            onResponderTerminate={[Function]}
            onResponderTerminationRequest={[Function]}
            onStartShouldSetResponder={[Function]}
            style={
              Object {
                "alignItems": "center",
                "alignSelf": "flex-start",
                "backgroundColor": "transparent",
                "borderColor": "transparent",
                "borderRadius": 4,
                "borderWidth": 1,
                "color": "hsl(211, 100%, 50%)",
                "flexDirection": "row",
                "height": 20,
                "justifyContent": "flex-start",
                "marginVertical": 4,
                "opacity": 1,
                "paddingHorizontal": 0,
              }
            }
          >
            <Text
              style={
                Array [
                  Object {
                    "fontSize": 14,
                    "fontWeight": "300",
                    "letterSpacing": 0.25,
                  },
                  Object {
                    "textAlign": "center",
                  },
                  undefined,
                  Array [
                    Object {
                      "backgroundColor": "transparent",
                      "color": "hsl(211, 100%, 50%)",
                    },
                    Object {
                      "color": "hsl(0, 0%, 0%)",
                    },
                    undefined,
                    undefined,
                    undefined,
                    undefined,
                    undefined,
                  ],
                ]
              }
            >
              password
            </Text>
          </View>
        </View>
        <View
          style={
            Object {
              "flexDirection": "row",
            }
          }
        >
          <TextInput
            allowFontScaling={true}
            blurOnSubmit={true}
            disableFullscreenUI={true}
            editable={true}
            onBlur={[Function]}
            onChangeText={[Function]}
            onFocus={[Function]}
            placeholder="â€¢â€¢â€¢â€¢â€¢â€¢â€¢"
            placeholderTextColor="hsl(208, 7%, 46%)"
            rejectResponderTermination={true}
            selectionColor="hsl(211, 100%, 50%)"
            style={
              Array [
                Object {
                  "backgroundColor": "hsl(0, 100%, 100%)",
                  "borderColor": "hsl(208, 7%, 46%)",
                  "borderRadius": 4,
                  "borderWidth": 2,
                  "padding": 8,
                  "paddingRight": 32,
                  "width": "100%",
                },
                "",
                false,
                Object {
                  "fontSize": 14,
                  "fontWeight": "300",
                  "letterSpacing": 0.25,
                },
                undefined,
              ]
            }
            underlineColorAndroid="transparent"
            value=""
          />
        </View>
        <View
          accessible={true}
          isTVSelectable={true}
          onResponderGrant={[Function]}
          onResponderMove={[Function]}
          onResponderRelease={[Function]}
          onResponderTerminate={[Function]}
          onResponderTerminationRequest={[Function]}
          onStartShouldSetResponder={[Function]}
          style={
            Object {
              "alignItems": "center",
              "alignSelf": "flex-start",
              "backgroundColor": "transparent",
              "borderColor": "transparent",
              "borderRadius": 4,
              "borderWidth": 1,
              "color": "hsl(211, 100%, 50%)",
              "flexDirection": "row",
              "height": 20,
              "justifyContent": "flex-start",
              "marginVertical": 4,
              "opacity": 1,
              "paddingHorizontal": 0,
            }
          }
        >
          <View
            style={
              Array [
                Object {
                  "opacity": 0,
                },
                Array [
                  "",
                  Array [
                    Object {
                      "backgroundColor": "transparent",
                      "color": "hsl(211, 100%, 50%)",
                    },
                    undefined,
                    undefined,
                    Object {
                      "color": "hsl(354, 70%, 54%)",
                    },
                    undefined,
                    undefined,
                    undefined,
                  ],
                ],
              ]
            }
          >
            <Text
              allowFontScaling={false}
              style={
                Array [
                  Object {
                    "color": "hsl(210, 10%, 23%)",
                    "fontSize": 16,
                  },
                  Array [
                    Object {
                      "opacity": 0,
                    },
                    Array [
                      "",
                      Array [
                        Object {
                          "backgroundColor": "transparent",
                          "color": "hsl(211, 100%, 50%)",
                        },
                        undefined,
                        undefined,
                        Object {
                          "color": "hsl(354, 70%, 54%)",
                        },
                        undefined,
                        undefined,
                        undefined,
                      ],
                    ],
                  ],
                  Object {
                    "fontFamily": "Material Design Icons",
                    "fontStyle": "normal",
                    "fontWeight": "normal",
                  },
                  Object {},
                ]
              }
            >
              ï€¨
            </Text>
          </View>
        </View>
      </View>
      <View
        accessible={true}
        isTVSelectable={true}
        onResponderGrant={[Function]}
        onResponderMove={[Function]}
        onResponderRelease={[Function]}
        onResponderTerminate={[Function]}
        onResponderTerminationRequest={[Function]}
        onStartShouldSetResponder={[Function]}
        style={
          Object {
            "alignItems": "center",
            "backgroundColor": "transparent",
            "borderColor": "transparent",
            "borderRadius": 4,
            "borderWidth": 1,
            "color": "hsl(211, 100%, 50%)",
            "flexDirection": "row",
            "height": 36,
            "justifyContent": "center",
            "opacity": 1,
            "paddingHorizontal": 16,
          }
        }
      >
        <Text
          style={
            Array [
              Object {
                "fontSize": 14,
                "fontWeight": "600",
                "letterSpacing": 0.75,
              },
              Object {
                "textAlign": "center",
              },
              undefined,
              Array [
                Object {
                  "backgroundColor": "transparent",
                  "color": "hsl(211, 100%, 50%)",
                },
                undefined,
                undefined,
                undefined,
                undefined,
                undefined,
                undefined,
              ],
            ]
          }
        >
          CONTINUE WITH GOOGLE
        </Text>
      </View>
      <View
        accessible={true}
        isTVSelectable={true}
        onResponderGrant={[Function]}
        onResponderMove={[Function]}
        onResponderRelease={[Function]}
        onResponderTerminate={[Function]}
        onResponderTerminationRequest={[Function]}
        onStartShouldSetResponder={[Function]}
        style={
          Object {
            "alignItems": "center",
            "backgroundColor": "transparent",
            "borderColor": "transparent",
            "borderRadius": 4,
            "borderWidth": 1,
            "color": "hsl(211, 100%, 50%)",
            "flexDirection": "row",
            "height": 36,
            "justifyContent": "center",
            "opacity": 1,
            "paddingHorizontal": 16,
          }
        }
      >
        <Text
          style={
            Array [
              Object {
                "fontSize": 14,
                "fontWeight": "600",
                "letterSpacing": 0.75,
              },
              Object {
                "textAlign": "center",
              },
              undefined,
              Array [
                Object {
                  "backgroundColor": "transparent",
                  "color": "hsl(211, 100%, 50%)",
                },
                undefined,
                undefined,
                undefined,
                undefined,
                undefined,
                undefined,
              ],
            ]
          }
        >
          CONTINUE WITH FACEBOOK
        </Text>
      </View>
      <View
        accessible={true}
        isTVSelectable={true}
        onResponderGrant={[Function]}
        onResponderMove={[Function]}
        onResponderRelease={[Function]}
        onResponderTerminate={[Function]}
        onResponderTerminationRequest={[Function]}
        onStartShouldSetResponder={[Function]}
        style={
          Object {
            "alignItems": "center",
            "backgroundColor": "transparent",
            "borderColor": "transparent",
            "borderRadius": 4,
            "borderWidth": 1,
            "color": "hsl(211, 100%, 50%)",
            "flexDirection": "row",
            "height": 36,
            "justifyContent": "center",
            "opacity": 1,
            "paddingHorizontal": 16,
          }
        }
      >
        <Text
          style={
            Array [
              Object {
                "fontSize": 14,
                "fontWeight": "600",
                "letterSpacing": 0.75,
              },
              Object {
                "textAlign": "center",
              },
              undefined,
              Array [
                Object {
                  "backgroundColor": "transparent",
                  "color": "hsl(211, 100%, 50%)",
                },
                undefined,
                undefined,
                undefined,
                undefined,
                undefined,
                undefined,
              ],
            ]
          }
        >
          SIGNUP
        </Text>
      </View>
      <View
        accessible={true}
        isTVSelectable={true}
        onResponderGrant={[Function]}
        onResponderMove={[Function]}
        onResponderRelease={[Function]}
        onResponderTerminate={[Function]}
        onResponderTerminationRequest={[Function]}
        onStartShouldSetResponder={[Function]}
        style={
          Object {
            "alignItems": "center",
            "backgroundColor": "transparent",
            "borderColor": "transparent",
            "borderRadius": 4,
            "borderWidth": 1,
            "color": "hsl(211, 100%, 50%)",
            "flexDirection": "row",
            "height": 36,
            "justifyContent": "center",
            "opacity": 1,
            "paddingHorizontal": 16,
          }
        }
      >
        <Text
          style={
            Array [
              Object {
                "fontSize": 14,
                "fontWeight": "600",
                "letterSpacing": 0.75,
              },
              Object {
                "textAlign": "center",
              },
              undefined,
              Array [
                Object {
                  "backgroundColor": "transparent",
                  "color": "hsl(211, 100%, 50%)",
                },
                undefined,
                undefined,
                undefined,
                undefined,
                undefined,
                undefined,
              ],
            ]
          }
        >
          FORGOT
        </Text>
      </View>
      <View
        accessible={true}
        isTVSelectable={true}
        onResponderGrant={[Function]}
        onResponderMove={[Function]}
        onResponderRelease={[Function]}
        onResponderTerminate={[Function]}
        onResponderTerminationRequest={[Function]}
        onStartShouldSetResponder={[Function]}
        style={
          Object {
            "alignItems": "center",
            "backgroundColor": "transparent",
            "borderColor": "transparent",
            "borderRadius": 4,
            "borderWidth": 1,
            "color": "hsl(211, 100%, 50%)",
            "flexDirection": "row",
            "height": 36,
            "justifyContent": "center",
            "opacity": 1,
            "paddingHorizontal": 16,
          }
        }
      >
        <Text
          style={
            Array [
              Object {
                "fontSize": 14,
                "fontWeight": "600",
                "letterSpacing": 0.75,
              },
              Object {
                "textAlign": "center",
              },
              undefined,
              Array [
                Object {
                  "backgroundColor": "transparent",
                  "color": "hsl(211, 100%, 50%)",
                },
                undefined,
                undefined,
                undefined,
                undefined,
                undefined,
                undefined,
              ],
            ]
          }
        >
          LANDING
        </Text>
      </View>
      <View
        accessible={true}
        isTVSelectable={true}
        onResponderGrant={[Function]}
        onResponderMove={[Function]}
        onResponderRelease={[Function]}
        onResponderTerminate={[Function]}
        onResponderTerminationRequest={[Function]}
        onStartShouldSetResponder={[Function]}
        style={
          Object {
            "alignItems": "center",
            "backgroundColor": "transparent",
            "borderColor": "transparent",
            "borderRadius": 4,
            "borderWidth": 1,
            "color": "hsl(211, 100%, 50%)",
            "flexDirection": "row",
            "height": 36,
            "justifyContent": "center",
            "opacity": 1,
            "paddingHorizontal": 16,
          }
        }
      >
        <Text
          style={
            Array [
              Object {
                "fontSize": 14,
                "fontWeight": "600",
                "letterSpacing": 0.75,
              },
              Object {
                "textAlign": "center",
              },
              undefined,
              Array [
                Object {
                  "backgroundColor": "transparent",
                  "color": "hsl(211, 100%, 50%)",
                },
                undefined,
                undefined,
                undefined,
                undefined,
                undefined,
                undefined,
              ],
            ]
          }
        >
          APP
        </Text>
      </View>
    </View>
  </RCTScrollView>
</RCTSafeAreaView>
`;
