// Jest Snapshot v1, https://goo.gl/fbAQLP

exports[`renders correctly 1`] = `
<RCTSafeAreaView
  emulateUnlessSupported={true}
  style={
    Array [
      Object {
        "backgroundColor": "hsl(0, 100%, 100%)",
        "flex": 1,
      },
      undefined,
    ]
  }
>
  <RCTScrollView
    automaticallyAdjustContentInsets={false}
    contentContainerStyle={
      Array [
        Object {
          "backgroundColor": "hsl(0, 100%, 100%)",
          "flex": 1,
        },
        undefined,
      ]
    }
    contentInset={
      Object {
        "bottom": 0,
      }
    }
    enableAutomaticScroll={true}
    enableOnAndroid={false}
    enableResetScrollToCoords={true}
    extraHeight={75}
    extraScrollHeight={0}
    getScrollResponder={[Function]}
    handleOnScroll={[Function]}
    keyboardDismissMode="interactive"
    keyboardOpeningTime={250}
    keyboardShouldPersistTaps="handled"
    keyboardSpace={0}
    onScroll={[Function]}
    resetKeyboardSpace={[Function]}
    scrollEnabled={true}
    scrollEventThrottle={1}
    scrollForExtraHeightOnAndroid={[Function]}
    scrollIntoView={[Function]}
    scrollToEnd={[Function]}
    scrollToFocusedInput={[Function]}
    scrollToPosition={[Function]}
    showsVerticalScrollIndicator={true}
    update={[Function]}
    viewIsInsideTabBar={false}
  >
    <View>
      <RCTScrollView
        data={
          Array [
            Object {
              "color": "white",
              "key": 1,
              "text": "hello",
            },
            Object {
              "color": "pink",
              "key": 2,
              "text": "bob",
            },
            Object {
              "color": "green",
              "key": 3,
              "text": "steve",
            },
          ]
        }
        disableVirtualization={false}
        getItem={[Function]}
        getItemCount={[Function]}
        horizontal={true}
        initialNumToRender={10}
        keyExtractor={[Function]}
        maxToRenderPerBatch={10}
        numColumns={1}
        onContentSizeChange={[Function]}
        onEndReachedThreshold={2}
        onLayout={[Function]}
        onMomentumScrollEnd={[Function]}
        onScroll={[Function]}
        onScrollBeginDrag={[Function]}
        onScrollEndDrag={[Function]}
        pagingEnabled={true}
        removeClippedSubviews={false}
        renderItem={[Function]}
        scrollEventThrottle={50}
        stickyHeaderIndices={Array []}
        updateCellsBatchingPeriod={50}
        viewabilityConfigCallbackPairs={Array []}
        windowSize={21}
      >
        <View>
          <View
            onLayout={[Function]}
            style={
              Array [
                Object {
                  "flexDirection": "row",
                },
                null,
              ]
            }
          >
            <View
              style={
                Object {
                  "backgroundColor": "white",
                  "justifyContent": "center",
                  "width": 750,
                }
              }
            >
              <Text
                style={
                  Array [
                    Object {
                      "fontSize": 14,
                      "fontWeight": "300",
                      "letterSpacing": 0.25,
                    },
                    Object {
                      "textAlign": "center",
                    },
                    undefined,
                    undefined,
                  ]
                }
              >
                hello
              </Text>
            </View>
          </View>
          <View
            onLayout={[Function]}
            style={
              Array [
                Object {
                  "flexDirection": "row",
                },
                null,
              ]
            }
          >
            <View
              style={
                Object {
                  "backgroundColor": "pink",
                  "justifyContent": "center",
                  "width": 750,
                }
              }
            >
              <Text
                style={
                  Array [
                    Object {
                      "fontSize": 14,
                      "fontWeight": "300",
                      "letterSpacing": 0.25,
                    },
                    Object {
                      "textAlign": "center",
                    },
                    undefined,
                    undefined,
                  ]
                }
              >
                bob
              </Text>
            </View>
          </View>
          <View
            onLayout={[Function]}
            style={
              Array [
                Object {
                  "flexDirection": "row",
                },
                null,
              ]
            }
          >
            <View
              style={
                Object {
                  "backgroundColor": "green",
                  "justifyContent": "center",
                  "width": 750,
                }
              }
            >
              <Text
                style={
                  Array [
                    Object {
                      "fontSize": 14,
                      "fontWeight": "300",
                      "letterSpacing": 0.25,
                    },
                    Object {
                      "textAlign": "center",
                    },
                    undefined,
                    undefined,
                  ]
                }
              >
                steve
              </Text>
            </View>
          </View>
        </View>
      </RCTScrollView>
      <View
        style={
          Object {
            "alignItems": "center",
            "flexDirection": "row",
            "height": 48,
            "justifyContent": "space-around",
          }
        }
      >
        <View
          accessible={true}
          isTVSelectable={true}
          onResponderGrant={[Function]}
          onResponderMove={[Function]}
          onResponderRelease={[Function]}
          onResponderTerminate={[Function]}
          onResponderTerminationRequest={[Function]}
          onStartShouldSetResponder={[Function]}
          style={
            Object {
              "alignItems": "center",
              "backgroundColor": "transparent",
              "borderColor": "transparent",
              "borderRadius": 4,
              "borderWidth": 1,
              "color": "hsl(211, 100%, 50%)",
              "flexDirection": "row",
              "height": 36,
              "justifyContent": "center",
              "opacity": 1,
              "paddingHorizontal": 16,
            }
          }
        >
          <Text
            style={
              Array [
                Object {
                  "fontSize": 14,
                  "fontWeight": "600",
                  "letterSpacing": 0.75,
                },
                Object {
                  "textAlign": "center",
                },
                undefined,
                Array [
                  Object {
                    "backgroundColor": "transparent",
                    "color": "hsl(211, 100%, 50%)",
                  },
                  undefined,
                  undefined,
                  undefined,
                  undefined,
                  undefined,
                  undefined,
                ],
              ]
            }
          >
            SIGN UP
          </Text>
        </View>
        <View
          accessible={true}
          isTVSelectable={true}
          onResponderGrant={[Function]}
          onResponderMove={[Function]}
          onResponderRelease={[Function]}
          onResponderTerminate={[Function]}
          onResponderTerminationRequest={[Function]}
          onStartShouldSetResponder={[Function]}
          style={
            Object {
              "alignItems": "center",
              "backgroundColor": "transparent",
              "borderColor": "transparent",
              "borderRadius": 4,
              "borderWidth": 1,
              "color": "hsl(211, 100%, 50%)",
              "flexDirection": "row",
              "height": 36,
              "justifyContent": "center",
              "opacity": 1,
              "paddingHorizontal": 16,
            }
          }
        >
          <Text
            style={
              Array [
                Object {
                  "fontSize": 14,
                  "fontWeight": "600",
                  "letterSpacing": 0.75,
                },
                Object {
                  "textAlign": "center",
                },
                undefined,
                Array [
                  Object {
                    "backgroundColor": "transparent",
                    "color": "hsl(211, 100%, 50%)",
                  },
                  undefined,
                  undefined,
                  undefined,
                  undefined,
                  undefined,
                  undefined,
                ],
              ]
            }
          >
            LOG IN
          </Text>
        </View>
        <View
          accessible={true}
          isTVSelectable={true}
          onResponderGrant={[Function]}
          onResponderMove={[Function]}
          onResponderRelease={[Function]}
          onResponderTerminate={[Function]}
          onResponderTerminationRequest={[Function]}
          onStartShouldSetResponder={[Function]}
          style={
            Object {
              "alignItems": "center",
              "backgroundColor": "transparent",
              "borderColor": "transparent",
              "borderRadius": 4,
              "borderWidth": 1,
              "color": "hsl(211, 100%, 50%)",
              "flexDirection": "row",
              "height": 36,
              "justifyContent": "center",
              "opacity": 1,
              "paddingHorizontal": 16,
            }
          }
        >
          <Text
            style={
              Array [
                Object {
                  "fontSize": 14,
                  "fontWeight": "600",
                  "letterSpacing": 0.75,
                },
                Object {
                  "textAlign": "center",
                },
                undefined,
                Array [
                  Object {
                    "backgroundColor": "transparent",
                    "color": "hsl(211, 100%, 50%)",
                  },
                  undefined,
                  undefined,
                  undefined,
                  undefined,
                  undefined,
                  undefined,
                ],
              ]
            }
          >
            DEBUG
          </Text>
        </View>
      </View>
    </View>
  </RCTScrollView>
</RCTSafeAreaView>
`;
