// Jest Snapshot v1, https://goo.gl/fbAQLP

exports[`renders correctly 1`] = `
<RCTSafeAreaView
  emulateUnlessSupported={true}
  style={
    Object {
      "backgroundColor": "hsl(0, 0%, 100%)",
      "flex": 1,
    }
  }
>
  <View
    style={
      Object {
        "alignItems": "center",
        "borderBottomColor": "hsl(208, 7%, 46%)",
        "borderBottomWidth": 0,
        "flexDirection": "row",
        "height": 72,
        "justifyContent": "space-between",
      }
    }
  >
    <View
      accessible={true}
      focusable={true}
      isTVSelectable={true}
      onClick={[Function]}
      onResponderGrant={[Function]}
      onResponderMove={[Function]}
      onResponderRelease={[Function]}
      onResponderTerminate={[Function]}
      onResponderTerminationRequest={[Function]}
      onStartShouldSetResponder={[Function]}
      style={
        Object {
          "flex": 0.2,
          "opacity": 1,
          "padding": 12,
        }
      }
    >
      <View>
        <Text
          allowFontScaling={false}
          style={
            Array [
              Object {
                "color": "hsl(208, 7%, 46%)",
                "fontSize": 24,
              },
              Array [
                undefined,
                undefined,
              ],
              Object {
                "fontFamily": "Material Design Icons",
                "fontStyle": "normal",
                "fontWeight": "normal",
              },
              Object {},
            ]
          }
        >
          ÔÅç
        </Text>
      </View>
    </View>
    <Text
      style={
        Object {
          "color": "hsla(0, 0%, 0%, 1)",
          "fontSize": 40,
          "fontWeight": "100",
          "letterSpacing": -0.5,
          "opacity": 1,
        }
      }
    >
      Debug
    </Text>
    <View
      accessible={true}
      focusable={false}
      isTVSelectable={true}
      onClick={[Function]}
      onResponderGrant={[Function]}
      onResponderMove={[Function]}
      onResponderRelease={[Function]}
      onResponderTerminate={[Function]}
      onResponderTerminationRequest={[Function]}
      onStartShouldSetResponder={[Function]}
      style={
        Object {
          "flex": 0.2,
          "opacity": 1,
          "padding": 12,
        }
      }
    />
  </View>
  <View
    style={
      Array [
        Object {
          "backgroundColor": "hsl(0, 0%, 100%)",
          "flex": 1,
        },
        undefined,
        undefined,
      ]
    }
  >
    <RCTScrollView
      data={
        Array [
          "debugArticle",
          "debugBall",
          "debugButtons",
          "debugCards",
          "debugChat",
          "debugDrag",
          "debugFonts",
          "debugImageCollection",
          "debugInput",
          "debugOKRs",
          "debugPinchSpread",
          "debugQuestionnaire",
          "debugSearchBar",
          "debugStartup",
          "debugStopwatch",
          "debugDarkMode",
          "debugColors",
          "debugSwipeFeed",
          "debugGameOfLife",
          "debugReminder",
        ]
      }
      disableVirtualization={false}
      getItem={[Function]}
      getItemCount={[Function]}
      horizontal={false}
      initialNumToRender={10}
      keyExtractor={[Function]}
      maxToRenderPerBatch={10}
      numColumns={1}
      onContentSizeChange={[Function]}
      onEndReachedThreshold={2}
      onLayout={[Function]}
      onMomentumScrollEnd={[Function]}
      onScroll={[Function]}
      onScrollBeginDrag={[Function]}
      onScrollEndDrag={[Function]}
      removeClippedSubviews={false}
      renderItem={[Function]}
      scrollEventThrottle={50}
      stickyHeaderIndices={Array []}
      updateCellsBatchingPeriod={50}
      viewabilityConfigCallbackPairs={Array []}
      windowSize={21}
    >
      <View>
        <View
          onLayout={[Function]}
          style={null}
        >
          <View
            accessible={true}
            focusable={true}
            isTVSelectable={true}
            onClick={[Function]}
            onResponderGrant={[Function]}
            onResponderMove={[Function]}
            onResponderRelease={[Function]}
            onResponderTerminate={[Function]}
            onResponderTerminationRequest={[Function]}
            onStartShouldSetResponder={[Function]}
            style={
              Object {
                "alignItems": "center",
                "backgroundColor": "transparent",
                "borderColor": "transparent",
                "borderRadius": 4,
                "borderWidth": 1,
                "flexDirection": "row",
                "height": 36,
                "justifyContent": "center",
                "opacity": 1,
                "paddingHorizontal": 16,
              }
            }
          >
            <Text
              style={
                Object {
                  "color": "hsl(0, 0%, 0%)",
                  "fontSize": 14,
                  "fontWeight": "600",
                  "letterSpacing": 0.75,
                  "opacity": 1,
                  "textAlign": "center",
                }
              }
            >
              DEBUGARTICLE
            </Text>
          </View>
        </View>
        <View
          onLayout={[Function]}
          style={null}
        >
          <View
            accessible={true}
            focusable={true}
            isTVSelectable={true}
            onClick={[Function]}
            onResponderGrant={[Function]}
            onResponderMove={[Function]}
            onResponderRelease={[Function]}
            onResponderTerminate={[Function]}
            onResponderTerminationRequest={[Function]}
            onStartShouldSetResponder={[Function]}
            style={
              Object {
                "alignItems": "center",
                "backgroundColor": "transparent",
                "borderColor": "transparent",
                "borderRadius": 4,
                "borderWidth": 1,
                "flexDirection": "row",
                "height": 36,
                "justifyContent": "center",
                "opacity": 1,
                "paddingHorizontal": 16,
              }
            }
          >
            <Text
              style={
                Object {
                  "color": "hsl(0, 0%, 0%)",
                  "fontSize": 14,
                  "fontWeight": "600",
                  "letterSpacing": 0.75,
                  "opacity": 1,
                  "textAlign": "center",
                }
              }
            >
              DEBUGBALL
            </Text>
          </View>
        </View>
        <View
          onLayout={[Function]}
          style={null}
        >
          <View
            accessible={true}
            focusable={true}
            isTVSelectable={true}
            onClick={[Function]}
            onResponderGrant={[Function]}
            onResponderMove={[Function]}
            onResponderRelease={[Function]}
            onResponderTerminate={[Function]}
            onResponderTerminationRequest={[Function]}
            onStartShouldSetResponder={[Function]}
            style={
              Object {
                "alignItems": "center",
                "backgroundColor": "transparent",
                "borderColor": "transparent",
                "borderRadius": 4,
                "borderWidth": 1,
                "flexDirection": "row",
                "height": 36,
                "justifyContent": "center",
                "opacity": 1,
                "paddingHorizontal": 16,
              }
            }
          >
            <Text
              style={
                Object {
                  "color": "hsl(0, 0%, 0%)",
                  "fontSize": 14,
                  "fontWeight": "600",
                  "letterSpacing": 0.75,
                  "opacity": 1,
                  "textAlign": "center",
                }
              }
            >
              DEBUGBUTTONS
            </Text>
          </View>
        </View>
        <View
          onLayout={[Function]}
          style={null}
        >
          <View
            accessible={true}
            focusable={true}
            isTVSelectable={true}
            onClick={[Function]}
            onResponderGrant={[Function]}
            onResponderMove={[Function]}
            onResponderRelease={[Function]}
            onResponderTerminate={[Function]}
            onResponderTerminationRequest={[Function]}
            onStartShouldSetResponder={[Function]}
            style={
              Object {
                "alignItems": "center",
                "backgroundColor": "transparent",
                "borderColor": "transparent",
                "borderRadius": 4,
                "borderWidth": 1,
                "flexDirection": "row",
                "height": 36,
                "justifyContent": "center",
                "opacity": 1,
                "paddingHorizontal": 16,
              }
            }
          >
            <Text
              style={
                Object {
                  "color": "hsl(0, 0%, 0%)",
                  "fontSize": 14,
                  "fontWeight": "600",
                  "letterSpacing": 0.75,
                  "opacity": 1,
                  "textAlign": "center",
                }
              }
            >
              DEBUGCARDS
            </Text>
          </View>
        </View>
        <View
          onLayout={[Function]}
          style={null}
        >
          <View
            accessible={true}
            focusable={true}
            isTVSelectable={true}
            onClick={[Function]}
            onResponderGrant={[Function]}
            onResponderMove={[Function]}
            onResponderRelease={[Function]}
            onResponderTerminate={[Function]}
            onResponderTerminationRequest={[Function]}
            onStartShouldSetResponder={[Function]}
            style={
              Object {
                "alignItems": "center",
                "backgroundColor": "transparent",
                "borderColor": "transparent",
                "borderRadius": 4,
                "borderWidth": 1,
                "flexDirection": "row",
                "height": 36,
                "justifyContent": "center",
                "opacity": 1,
                "paddingHorizontal": 16,
              }
            }
          >
            <Text
              style={
                Object {
                  "color": "hsl(0, 0%, 0%)",
                  "fontSize": 14,
                  "fontWeight": "600",
                  "letterSpacing": 0.75,
                  "opacity": 1,
                  "textAlign": "center",
                }
              }
            >
              DEBUGCHAT
            </Text>
          </View>
        </View>
        <View
          onLayout={[Function]}
          style={null}
        >
          <View
            accessible={true}
            focusable={true}
            isTVSelectable={true}
            onClick={[Function]}
            onResponderGrant={[Function]}
            onResponderMove={[Function]}
            onResponderRelease={[Function]}
            onResponderTerminate={[Function]}
            onResponderTerminationRequest={[Function]}
            onStartShouldSetResponder={[Function]}
            style={
              Object {
                "alignItems": "center",
                "backgroundColor": "transparent",
                "borderColor": "transparent",
                "borderRadius": 4,
                "borderWidth": 1,
                "flexDirection": "row",
                "height": 36,
                "justifyContent": "center",
                "opacity": 1,
                "paddingHorizontal": 16,
              }
            }
          >
            <Text
              style={
                Object {
                  "color": "hsl(0, 0%, 0%)",
                  "fontSize": 14,
                  "fontWeight": "600",
                  "letterSpacing": 0.75,
                  "opacity": 1,
                  "textAlign": "center",
                }
              }
            >
              DEBUGDRAG
            </Text>
          </View>
        </View>
        <View
          onLayout={[Function]}
          style={null}
        >
          <View
            accessible={true}
            focusable={true}
            isTVSelectable={true}
            onClick={[Function]}
            onResponderGrant={[Function]}
            onResponderMove={[Function]}
            onResponderRelease={[Function]}
            onResponderTerminate={[Function]}
            onResponderTerminationRequest={[Function]}
            onStartShouldSetResponder={[Function]}
            style={
              Object {
                "alignItems": "center",
                "backgroundColor": "transparent",
                "borderColor": "transparent",
                "borderRadius": 4,
                "borderWidth": 1,
                "flexDirection": "row",
                "height": 36,
                "justifyContent": "center",
                "opacity": 1,
                "paddingHorizontal": 16,
              }
            }
          >
            <Text
              style={
                Object {
                  "color": "hsl(0, 0%, 0%)",
                  "fontSize": 14,
                  "fontWeight": "600",
                  "letterSpacing": 0.75,
                  "opacity": 1,
                  "textAlign": "center",
                }
              }
            >
              DEBUGFONTS
            </Text>
          </View>
        </View>
        <View
          onLayout={[Function]}
          style={null}
        >
          <View
            accessible={true}
            focusable={true}
            isTVSelectable={true}
            onClick={[Function]}
            onResponderGrant={[Function]}
            onResponderMove={[Function]}
            onResponderRelease={[Function]}
            onResponderTerminate={[Function]}
            onResponderTerminationRequest={[Function]}
            onStartShouldSetResponder={[Function]}
            style={
              Object {
                "alignItems": "center",
                "backgroundColor": "transparent",
                "borderColor": "transparent",
                "borderRadius": 4,
                "borderWidth": 1,
                "flexDirection": "row",
                "height": 36,
                "justifyContent": "center",
                "opacity": 1,
                "paddingHorizontal": 16,
              }
            }
          >
            <Text
              style={
                Object {
                  "color": "hsl(0, 0%, 0%)",
                  "fontSize": 14,
                  "fontWeight": "600",
                  "letterSpacing": 0.75,
                  "opacity": 1,
                  "textAlign": "center",
                }
              }
            >
              DEBUGIMAGECOLLECTION
            </Text>
          </View>
        </View>
        <View
          onLayout={[Function]}
          style={null}
        >
          <View
            accessible={true}
            focusable={true}
            isTVSelectable={true}
            onClick={[Function]}
            onResponderGrant={[Function]}
            onResponderMove={[Function]}
            onResponderRelease={[Function]}
            onResponderTerminate={[Function]}
            onResponderTerminationRequest={[Function]}
            onStartShouldSetResponder={[Function]}
            style={
              Object {
                "alignItems": "center",
                "backgroundColor": "transparent",
                "borderColor": "transparent",
                "borderRadius": 4,
                "borderWidth": 1,
                "flexDirection": "row",
                "height": 36,
                "justifyContent": "center",
                "opacity": 1,
                "paddingHorizontal": 16,
              }
            }
          >
            <Text
              style={
                Object {
                  "color": "hsl(0, 0%, 0%)",
                  "fontSize": 14,
                  "fontWeight": "600",
                  "letterSpacing": 0.75,
                  "opacity": 1,
                  "textAlign": "center",
                }
              }
            >
              DEBUGINPUT
            </Text>
          </View>
        </View>
        <View
          onLayout={[Function]}
          style={null}
        >
          <View
            accessible={true}
            focusable={true}
            isTVSelectable={true}
            onClick={[Function]}
            onResponderGrant={[Function]}
            onResponderMove={[Function]}
            onResponderRelease={[Function]}
            onResponderTerminate={[Function]}
            onResponderTerminationRequest={[Function]}
            onStartShouldSetResponder={[Function]}
            style={
              Object {
                "alignItems": "center",
                "backgroundColor": "transparent",
                "borderColor": "transparent",
                "borderRadius": 4,
                "borderWidth": 1,
                "flexDirection": "row",
                "height": 36,
                "justifyContent": "center",
                "opacity": 1,
                "paddingHorizontal": 16,
              }
            }
          >
            <Text
              style={
                Object {
                  "color": "hsl(0, 0%, 0%)",
                  "fontSize": 14,
                  "fontWeight": "600",
                  "letterSpacing": 0.75,
                  "opacity": 1,
                  "textAlign": "center",
                }
              }
            >
              DEBUGOKRS
            </Text>
          </View>
        </View>
        <View
          style={
            Object {
              "height": 0,
            }
          }
        />
      </View>
    </RCTScrollView>
  </View>
</RCTSafeAreaView>
`;
