// Jest Snapshot v1, https://goo.gl/fbAQLP

exports[`renders correctly 1`] = `
<RCTSafeAreaView
  emulateUnlessSupported={true}
  style={
    Object {
      "backgroundColor": "hsl(0, 0%, 100%)",
      "flex": 1,
    }
  }
>
  <View
    style={
      Object {
        "alignItems": "center",
        "borderBottomColor": "hsl(210, 10%, 23%)",
        "borderBottomWidth": 0,
        "flexDirection": "row",
        "height": 72,
        "justifyContent": "space-between",
      }
    }
  >
    <View
      accessible={true}
      focusable={true}
      isTVSelectable={true}
      onClick={[Function]}
      onResponderGrant={[Function]}
      onResponderMove={[Function]}
      onResponderRelease={[Function]}
      onResponderTerminate={[Function]}
      onResponderTerminationRequest={[Function]}
      onStartShouldSetResponder={[Function]}
      style={
        Object {
          "flex": 0.2,
          "opacity": 1,
          "padding": 12,
        }
      }
    >
      <View>
        <Text
          allowFontScaling={false}
          style={
            Array [
              Object {
                "color": "hsl(210, 10%, 23%)",
                "fontSize": 24,
              },
              Array [
                undefined,
                undefined,
              ],
              Object {
                "fontFamily": "Material Design Icons",
                "fontStyle": "normal",
                "fontWeight": "normal",
              },
              Object {},
            ]
          }
        >
          
        </Text>
      </View>
    </View>
    <Text
      style={
        Object {
          "color": "hsl(0, 0%, 0%)",
          "fontSize": 30,
          "fontWeight": "100",
          "letterSpacing": -0.5,
          "opacity": 1,
        }
      }
    >
      Forgot Password
    </Text>
    <View
      accessible={true}
      focusable={false}
      isTVSelectable={true}
      onClick={[Function]}
      onResponderGrant={[Function]}
      onResponderMove={[Function]}
      onResponderRelease={[Function]}
      onResponderTerminate={[Function]}
      onResponderTerminationRequest={[Function]}
      onStartShouldSetResponder={[Function]}
      style={
        Object {
          "flex": 0.2,
          "opacity": 1,
          "padding": 12,
        }
      }
    />
  </View>
  <RCTScrollView
    automaticallyAdjustContentInsets={false}
    contentContainerStyle={
      Array [
        Object {
          "backgroundColor": "hsl(0, 0%, 100%)",
          "flex": 1,
        },
        undefined,
      ]
    }
    contentInset={
      Object {
        "bottom": 0,
      }
    }
    enableAutomaticScroll={true}
    enableOnAndroid={false}
    enableResetScrollToCoords={true}
    extraHeight={75}
    extraScrollHeight={0}
    getScrollResponder={[Function]}
    handleOnScroll={[Function]}
    keyboardDismissMode="interactive"
    keyboardOpeningTime={250}
    keyboardShouldPersistTaps="handled"
    keyboardSpace={0}
    onScroll={[Function]}
    resetKeyboardSpace={[Function]}
    scrollEventThrottle={1}
    scrollForExtraHeightOnAndroid={[Function]}
    scrollIntoView={[Function]}
    scrollToEnd={[Function]}
    scrollToFocusedInput={[Function]}
    scrollToPosition={[Function]}
    showsVerticalScrollIndicator={true}
    update={[Function]}
    viewIsInsideTabBar={false}
  >
    <View>
      <View
        style={
          Array [
            undefined,
            undefined,
          ]
        }
      >
        <View
          style={
            Object {
              "flexDirection": "row",
            }
          }
        >
          <View
            accessible={true}
            focusable={true}
            isTVSelectable={true}
            onClick={[Function]}
            onResponderGrant={[Function]}
            onResponderMove={[Function]}
            onResponderRelease={[Function]}
            onResponderTerminate={[Function]}
            onResponderTerminationRequest={[Function]}
            onStartShouldSetResponder={[Function]}
            style={
              Object {
                "alignItems": "center",
                "alignSelf": "flex-start",
                "backgroundColor": "transparent",
                "borderColor": "transparent",
                "borderRadius": 4,
                "borderWidth": 1,
                "flexDirection": "row",
                "height": 20,
                "justifyContent": "flex-start",
                "marginVertical": 4,
                "opacity": 1,
                "paddingHorizontal": 0,
              }
            }
          >
            <Text
              style={
                Object {
                  "color": "hsl(0, 0%, 0%)",
                  "fontSize": 14,
                  "fontWeight": "300",
                  "letterSpacing": 0.25,
                  "opacity": 1,
                  "textAlign": "center",
                }
              }
            >
              email
            </Text>
          </View>
        </View>
        <View
          style={
            Object {
              "flexDirection": "row",
            }
          }
        >
          <TextInput
            allowFontScaling={true}
            blurOnSubmit={true}
            disableFullscreenUI={true}
            editable={true}
            onBlur={[Function]}
            onChangeText={[Function]}
            onFocus={[Function]}
            placeholder="example@gmail.com"
            placeholderTextColor="hsl(208, 7%, 46%)"
            rejectResponderTermination={true}
            selectionColor="hsl(211, 100%, 50%)"
            style={
              Array [
                Object {
                  "backgroundColor": "hsl(0, 0%, 100%)",
                  "borderColor": "hsl(208, 7%, 46%)",
                  "borderRadius": 4,
                  "borderWidth": 2,
                  "color": "hsl(0, 0%, 0%)",
                  "padding": 8,
                  "paddingRight": 32,
                  "width": "100%",
                },
                "",
                false,
                Object {
                  "fontSize": 14,
                  "fontWeight": "300",
                  "letterSpacing": 0.25,
                },
                undefined,
              ]
            }
            underlineColorAndroid="transparent"
            value=""
          />
        </View>
        <View
          accessible={true}
          focusable={true}
          isTVSelectable={true}
          onClick={[Function]}
          onResponderGrant={[Function]}
          onResponderMove={[Function]}
          onResponderRelease={[Function]}
          onResponderTerminate={[Function]}
          onResponderTerminationRequest={[Function]}
          onStartShouldSetResponder={[Function]}
          style={
            Object {
              "alignItems": "center",
              "alignSelf": "flex-start",
              "backgroundColor": "transparent",
              "borderColor": "transparent",
              "borderRadius": 4,
              "borderWidth": 1,
              "flexDirection": "row",
              "height": 20,
              "justifyContent": "flex-start",
              "marginVertical": 4,
              "opacity": 1,
              "paddingHorizontal": 0,
            }
          }
        >
          <View
            style={
              Array [
                "",
                Array [
                  Object {
                    "color": "hsl(211, 100%, 50%)",
                  },
                  undefined,
                  undefined,
                  Object {
                    "color": "hsl(354, 70%, 54%)",
                  },
                  undefined,
                  undefined,
                  undefined,
                ],
              ]
            }
          >
            <Text
              allowFontScaling={false}
              style={
                Array [
                  Object {
                    "color": "hsl(210, 10%, 23%)",
                    "fontSize": 16,
                  },
                  Array [
                    Object {
                      "opacity": 0,
                    },
                    undefined,
                  ],
                  Object {
                    "fontFamily": "Material Design Icons",
                    "fontStyle": "normal",
                    "fontWeight": "normal",
                  },
                  Object {},
                ]
              }
            >
              
            </Text>
          </View>
          <Text
            style={
              Object {
                "color": "hsl(354, 70%, 54%)",
                "fontSize": 14,
                "fontWeight": "300",
                "letterSpacing": 0.25,
                "opacity": 1,
                "textAlign": "center",
              }
            }
          >
            
          </Text>
        </View>
      </View>
      <View
        style={
          Object {
            "flexDirection": "row",
            "justifyContent": "space-around",
          }
        }
      >
        <View
          accessible={true}
          focusable={true}
          isTVSelectable={true}
          onClick={[Function]}
          onResponderGrant={[Function]}
          onResponderMove={[Function]}
          onResponderRelease={[Function]}
          onResponderTerminate={[Function]}
          onResponderTerminationRequest={[Function]}
          onStartShouldSetResponder={[Function]}
          style={
            Object {
              "alignItems": "center",
              "backgroundColor": "transparent",
              "borderColor": "transparent",
              "borderRadius": 4,
              "borderWidth": 1,
              "flexDirection": "row",
              "height": 36,
              "justifyContent": "center",
              "opacity": 1,
              "paddingHorizontal": 16,
            }
          }
        >
          <Text
            style={
              Object {
                "color": "hsl(211, 100%, 50%)",
                "fontSize": 14,
                "fontWeight": "600",
                "letterSpacing": 0.75,
                "opacity": 1,
                "textAlign": "center",
              }
            }
          >
            SEND EMAIL
          </Text>
        </View>
      </View>
    </View>
  </RCTScrollView>
</RCTSafeAreaView>
`;
