// Jest Snapshot v1, https://goo.gl/fbAQLP

exports[`renders correctly 1`] = `
<RCTSafeAreaView
  emulateUnlessSupported={true}
  style={
    Object {
      "backgroundColor": "hsl(0, 0%, 100%)",
      "flex": 1,
    }
  }
>
  <View
    style={
      Object {
        "alignItems": "center",
        "borderBottomColor": "hsl(208, 7%, 46%)",
        "borderBottomWidth": 0,
        "flexDirection": "row",
        "height": 72,
        "justifyContent": "space-between",
      }
    }
  >
    <View
      style={
        Object {
          "flex": 0.2,
          "padding": 12,
        }
      }
    >
      <View
        accessible={true}
        focusable={true}
        isTVSelectable={true}
        onClick={[Function]}
        onResponderGrant={[Function]}
        onResponderMove={[Function]}
        onResponderRelease={[Function]}
        onResponderTerminate={[Function]}
        onResponderTerminationRequest={[Function]}
        onStartShouldSetResponder={[Function]}
        style={
          Object {
            "opacity": 1,
          }
        }
      >
        <Text
          allowFontScaling={false}
          style={
            Array [
              Object {
                "color": "hsl(208, 7%, 46%)",
                "fontSize": 36,
              },
              Array [
                undefined,
                undefined,
              ],
              Object {
                "fontFamily": "Material Design Icons",
                "fontStyle": "normal",
                "fontWeight": "normal",
              },
              Object {},
            ]
          }
        >
          ÔÖÅ
        </Text>
      </View>
    </View>
    <Text
      style={
        Object {
          "color": "hsla(0, 0%, 0%, 1)",
          "fontSize": 40,
          "fontWeight": "100",
          "letterSpacing": -0.5,
          "opacity": 1,
        }
      }
    >
      Cards
    </Text>
    <View
      style={
        Object {
          "flex": 0.2,
          "padding": 12,
        }
      }
    />
  </View>
  <View
    style={
      Array [
        Object {
          "backgroundColor": "hsl(0, 0%, 100%)",
          "flex": 1,
        },
        undefined,
        undefined,
      ]
    }
  >
    <View
      style={
        Object {
          "flex": 1,
        }
      }
    >
      <View
        style={
          Object {
            "bottom": 0,
            "left": 0,
            "position": "absolute",
            "right": 0,
            "top": 0,
          }
        }
      >
        <View
          style={
            Object {
              "transform": Array [
                Object {
                  "translateY": 0,
                },
              ],
            }
          }
        >
          <View
            style={
              Array [
                Object {
                  "borderRadius": 10,
                  "height": 250,
                },
                Object {
                  "backgroundColor": "#a9d0b6",
                },
              ]
            }
          />
        </View>
        <View
          style={
            Object {
              "transform": Array [
                Object {
                  "translateY": -205,
                },
              ],
            }
          }
        >
          <View
            style={
              Array [
                Object {
                  "borderRadius": 10,
                  "height": 250,
                },
                Object {
                  "backgroundColor": "#e9bbd1",
                },
              ]
            }
          />
        </View>
        <View
          style={
            Object {
              "transform": Array [
                Object {
                  "translateY": -410,
                },
              ],
            }
          }
        >
          <View
            style={
              Array [
                Object {
                  "borderRadius": 10,
                  "height": 250,
                },
                Object {
                  "backgroundColor": "#eba65c",
                },
              ]
            }
          />
        </View>
        <View
          style={
            Object {
              "transform": Array [
                Object {
                  "translateY": -615,
                },
              ],
            }
          }
        >
          <View
            style={
              Array [
                Object {
                  "borderRadius": 10,
                  "height": 250,
                },
                Object {
                  "backgroundColor": "#95c3e4",
                },
              ]
            }
          />
        </View>
        <View
          style={
            Object {
              "transform": Array [
                Object {
                  "translateY": -820,
                },
              ],
            }
          }
        >
          <View
            style={
              Array [
                Object {
                  "borderRadius": 10,
                  "height": 250,
                },
                Object {
                  "backgroundColor": "#1c1c1c",
                },
              ]
            }
          />
        </View>
        <View
          style={
            Object {
              "transform": Array [
                Object {
                  "translateY": -1025,
                },
              ],
            }
          }
        >
          <View
            style={
              Array [
                Object {
                  "borderRadius": 10,
                  "height": 250,
                },
                Object {
                  "backgroundColor": "#a390bc",
                },
              ]
            }
          />
        </View>
        <View
          style={
            Object {
              "transform": Array [
                Object {
                  "translateY": -1230,
                },
              ],
            }
          }
        >
          <View
            style={
              Array [
                Object {
                  "borderRadius": 10,
                  "height": 250,
                },
                Object {
                  "backgroundColor": "#fef2a0",
                },
              ]
            }
          />
        </View>
      </View>
      <RCTScrollView
        contentContainerStyle={
          Object {
            "height": 2668,
          }
        }
        onScroll={[Function]}
        scrollEventThrottle={16}
        showsVerticalScrollIndicator={false}
      >
        <View />
      </RCTScrollView>
    </View>
  </View>
</RCTSafeAreaView>
`;
